Component: ARM Compiler 5.05 update 2 (build 169) Tool: armlink [4d0f33]

==============================================================================

Section Cross References

    startup_stm32f105xc.o(RESET) refers to startup_stm32f105xc.o(STACK) for __initial_sp
    startup_stm32f105xc.o(RESET) refers to startup_stm32f105xc.o(.text) for Reset_Handler
    startup_stm32f105xc.o(RESET) refers to stm32f1xx_it.o(i.NMI_Handler) for NMI_Handler
    startup_stm32f105xc.o(RESET) refers to stm32f1xx_it.o(i.HardFault_Handler) for HardFault_Handler
    startup_stm32f105xc.o(RESET) refers to stm32f1xx_it.o(i.MemManage_Handler) for MemManage_Handler
    startup_stm32f105xc.o(RESET) refers to stm32f1xx_it.o(i.BusFault_Handler) for BusFault_Handler
    startup_stm32f105xc.o(RESET) refers to stm32f1xx_it.o(i.UsageFault_Handler) for UsageFault_Handler
    startup_stm32f105xc.o(RESET) refers to port.o(.emb_text) for SVC_Handler
    startup_stm32f105xc.o(RESET) refers to stm32f1xx_it.o(i.DebugMon_Handler) for DebugMon_Handler
    startup_stm32f105xc.o(RESET) refers to stm32f1xx_it.o(i.SysTick_Handler) for SysTick_Handler
    startup_stm32f105xc.o(RESET) refers to stm32f1xx_it.o(i.OTG_FS_IRQHandler) for OTG_FS_IRQHandler
    startup_stm32f105xc.o(.text) refers to system_stm32f1xx.o(i.SystemInit) for SystemInit
    startup_stm32f105xc.o(.text) refers to entry.o(.ARM.Collect$$$$00000000) for __main
    usb_parser.o(i.ParsCMD) refers to strlen.o(.text) for strlen
    usb_parser.o(i.ParsCMD) refers to strncmp.o(.text) for strncmp
    usb_parser.o(i.ParsCMD) refers to usb_parser.o(.data) for commands_listen
    usb_parser.o(.data) refers to usb_parser.o(.conststring) for .conststring
    main.o(i.AlgoritmGame) refers to main.o(i.ModifyGameField) for ModifyGameField
    main.o(i.AlgoritmGame) refers to main.o(i.SeparateLine) for SeparateLine
    main.o(i.AlgoritmGame) refers to main.o(i.SearchLineBlock) for SearchLineBlock
    main.o(i.AlgoritmGame) refers to main.o(i.SearchWinComb) for SearchWinComb
    main.o(i.AlgoritmGame) refers to main.o(i.CheckFild) for CheckFild
    main.o(i.AlgoritmGame) refers to main.o(.data) for step
    main.o(i.AlgoritmGame) refers to main.o(.bss) for z_coordinates
    main.o(i.MX_GPIO_Init) refers to stm32f1xx_hal_gpio.o(i.HAL_GPIO_WritePin) for HAL_GPIO_WritePin
    main.o(i.MX_GPIO_Init) refers to stm32f1xx_hal_gpio.o(i.HAL_GPIO_Init) for HAL_GPIO_Init
    main.o(i.ModifyGameField) refers to main.o(i.RemoveComb) for RemoveComb
    main.o(i.ModifyGameField) refers to main.o(i.SetMoveInMsg) for SetMoveInMsg
    main.o(i.ModifyGameField) refers to main.o(i.MoveComb) for MoveComb
    main.o(i.ModifyGameField) refers to main.o(.data) for abc_xy
    main.o(i.ModifyGameField) refers to main.o(.bss) for x_coordinates
    main.o(i.MoveComb) refers to main.o(i.CheckFild) for CheckFild
    main.o(i.MoveComb) refers to main.o(.bss) for z_coordinates
    main.o(i.PrepareMove) refers to main.o(i.ResetAllDataGame) for ResetAllDataGame
    main.o(i.PrepareMove) refers to memcpya.o(.text) for __aeabi_memcpy
    main.o(i.PrepareMove) refers to queue.o(i.xQueueGenericSend) for xQueueGenericSend
    main.o(i.PrepareMove) refers to main.o(i.AlgoritmGame) for AlgoritmGame
    main.o(i.PrepareMove) refers to usbd_cdc_if.o(i.CDC_Transmit_FS) for CDC_Transmit_FS
    main.o(i.PrepareMove) refers to main.o(.data) for game_field
    main.o(i.PrepareMove) refers to main.o(.bss) for msg_full
    main.o(i.ResetAllDataGame) refers to main.o(i.ModifyGameField) for ModifyGameField
    main.o(i.ResetAllDataGame) refers to main.o(i.SetMoveInMsg) for SetMoveInMsg
    main.o(i.ResetAllDataGame) refers to main.o(.bss) for block_comb
    main.o(i.ResetAllDataGame) refers to main.o(.data) for step
    main.o(i.SearchLineBlock) refers to main.o(i.CheckFild) for CheckFild
    main.o(i.SearchLineBlock) refers to main.o(.bss) for block_comb
    main.o(i.SearchWinComb) refers to main.o(i.CheckFild) for CheckFild
    main.o(i.SearchWinComb) refers to main.o(i.ModifyGameField) for ModifyGameField
    main.o(i.SearchWinComb) refers to main.o(.bss) for norm_comb
    main.o(i.SeparateLine) refers to memcpya.o(.text) for __aeabi_memcpy
    main.o(i.SeparateLine) refers to main.o(.data) for first_state
    main.o(i.SeparateLine) refers to main.o(.bss) for block_comb
    main.o(i.SetMoveInMsg) refers to memcpya.o(.text) for __aeabi_memcpy4
    main.o(i.SetMoveInMsg) refers to main.o(.constdata) for .constdata
    main.o(i.SetMoveInMsg) refers to main.o(.data) for array_symbol
    main.o(i.StartDefaultTask) refers to usb_device.o(i.MX_USB_DEVICE_Init) for MX_USB_DEVICE_Init
    main.o(i.StartDefaultTask) refers to cmsis_os.o(i.osDelay) for osDelay
    main.o(i.SystemClock_Config) refers to memseta.o(.text) for __aeabi_memclr4
    main.o(i.SystemClock_Config) refers to stm32f1xx_hal_rcc.o(i.HAL_RCC_OscConfig) for HAL_RCC_OscConfig
    main.o(i.SystemClock_Config) refers to main.o(i.Error_Handler) for Error_Handler
[...]
    i.USBD_LL_DataInStage                    0x08003ecc   Section        0  usbd_core.o(i.USBD_LL_DataInStage)
    i.USBD_LL_DataOutStage                   0x08003fcc   Section        0  usbd_core.o(i.USBD_LL_DataOutStage)
    i.USBD_LL_DevConnected                   0x08004072   Section        0  usbd_core.o(i.USBD_LL_DevConnected)
    i.USBD_LL_DevDisconnected                0x08004078   Section        0  usbd_core.o(i.USBD_LL_DevDisconnected)
    i.USBD_LL_GetRxDataSize                  0x08004092   Section        0  usbd_conf.o(i.USBD_LL_GetRxDataSize)
    i.USBD_LL_Init                           0x080040a4   Section        0  usbd_conf.o(i.USBD_LL_Init)
    i.USBD_LL_IsStallEP                      0x08004100   Section        0  usbd_conf.o(i.USBD_LL_IsStallEP)
    i.USBD_LL_IsoINIncomplete                0x08004138   Section        0  usbd_core.o(i.USBD_LL_IsoINIncomplete)
    i.USBD_LL_IsoOUTIncomplete               0x0800413e   Section        0  usbd_core.o(i.USBD_LL_IsoOUTIncomplete)
    i.USBD_LL_OpenEP                         0x08004144   Section        0  usbd_conf.o(i.USBD_LL_OpenEP)
    i.USBD_LL_PrepareReceive                 0x08004174   Section        0  usbd_conf.o(i.USBD_LL_PrepareReceive)
    i.USBD_LL_Reset                          0x080041a4   Section        0  usbd_core.o(i.USBD_LL_Reset)
    i.USBD_LL_Resume                         0x08004200   Section        0  usbd_core.o(i.USBD_LL_Resume)
    i.USBD_LL_SOF                            0x08004216   Section        0  usbd_core.o(i.USBD_LL_SOF)
    i.USBD_LL_SetSpeed                       0x08004238   Section        0  usbd_core.o(i.USBD_LL_SetSpeed)
    i.USBD_LL_SetUSBAddress                  0x08004240   Section        0  usbd_conf.o(i.USBD_LL_SetUSBAddress)
    i.USBD_LL_SetupStage                     0x08004266   Section        0  usbd_core.o(i.USBD_LL_SetupStage)
    i.USBD_LL_StallEP                        0x080042d4   Section        0  usbd_conf.o(i.USBD_LL_StallEP)
    i.USBD_LL_Start                          0x080042fa   Section        0  usbd_conf.o(i.USBD_LL_Start)
    i.USBD_LL_Suspend                        0x08004318   Section        0  usbd_core.o(i.USBD_LL_Suspend)
    i.USBD_LL_Transmit                       0x0800432c   Section        0  usbd_conf.o(i.USBD_LL_Transmit)
    i.USBD_ParseSetupRequest                 0x0800435c   Section        0  usbd_ctlreq.o(i.USBD_ParseSetupRequest)
    i.USBD_RegisterClass                     0x08004384   Section        0  usbd_core.o(i.USBD_RegisterClass)
    i.USBD_RunTestMode                       0x08004394   Section        0  usbd_core.o(i.USBD_RunTestMode)
    i.USBD_SetAddress                        0x0800439a   Section        0  usbd_ctlreq.o(i.USBD_SetAddress)
    USBD_SetAddress                          0x0800439b   Thumb Code    90  usbd_ctlreq.o(i.USBD_SetAddress)
    i.USBD_SetClassConfig                    0x080043f4   Section        0  usbd_core.o(i.USBD_SetClassConfig)
    i.USBD_SetConfig                         0x08004418   Section        0  usbd_ctlreq.o(i.USBD_SetConfig)
    USBD_SetConfig                           0x08004419   Thumb Code   228  usbd_ctlreq.o(i.USBD_SetConfig)
    i.USBD_SetFeature                        0x08004500   Section        0  usbd_ctlreq.o(i.USBD_SetFeature)
    USBD_SetFeature                          0x08004501   Thumb Code    24  usbd_ctlreq.o(i.USBD_SetFeature)
    i.USBD_Start                             0x08004518   Section        0  usbd_core.o(i.USBD_Start)
    i.USBD_StdDevReq                         0x08004526   Section        0  usbd_ctlreq.o(i.USBD_StdDevReq)
    i.USBD_StdEPReq                          0x080045c8   Section        0  usbd_ctlreq.o(i.USBD_StdEPReq)
    i.USBD_StdItfReq                         0x08004800   Section        0  usbd_ctlreq.o(i.USBD_StdItfReq)
    i.USBD_static_free                       0x0800487e   Section        0  usbd_conf.o(i.USBD_static_free)
    i.USBD_static_malloc                     0x08004880   Section        0  usbd_conf.o(i.USBD_static_malloc)
    i.USB_ActivateEndpoint                   0x0800488c   Section        0  stm32f1xx_ll_usb.o(i.USB_ActivateEndpoint)
    i.USB_ActivateSetup                      0x0800495c   Section        0  stm32f1xx_ll_usb.o(i.USB_ActivateSetup)
    i.USB_CoreInit                           0x08004984   Section        0  stm32f1xx_ll_usb.o(i.USB_CoreInit)
    i.USB_CoreReset                          0x080049e4   Section        0  stm32f1xx_ll_usb.o(i.USB_CoreReset)
    USB_CoreReset                            0x080049e5   Thumb Code    70  stm32f1xx_ll_usb.o(i.USB_CoreReset)
    i.USB_DeactivateEndpoint                 0x08004a30   Section        0  stm32f1xx_ll_usb.o(i.USB_DeactivateEndpoint)
    i.USB_DevConnect                         0x08004af4   Section        0  stm32f1xx_ll_usb.o(i.USB_DevConnect)
    i.USB_DevDisconnect                      0x08004b14   Section        0  stm32f1xx_ll_usb.o(i.USB_DevDisconnect)
    i.USB_DevInit                            0x08004b34   Section        0  stm32f1xx_ll_usb.o(i.USB_DevInit)
    i.USB_DisableGlobalInt                   0x08004cbc   Section        0  stm32f1xx_ll_usb.o(i.USB_DisableGlobalInt)
    i.USB_EP0StartXfer                       0x08004ccc   Section        0  stm32f1xx_ll_usb.o(i.USB_EP0StartXfer)
    i.USB_EP0_OutStart                       0x08004e64   Section        0  stm32f1xx_ll_usb.o(i.USB_EP0_OutStart)
    i.USB_EPClearStall                       0x08004ebc   Section        0  stm32f1xx_ll_usb.o(i.USB_EPClearStall)
    i.USB_EPSetStall                         0x08004f4a   Section        0  stm32f1xx_ll_usb.o(i.USB_EPSetStall)
    i.USB_EPStartXfer                        0x08004fe4   Section        0  stm32f1xx_ll_usb.o(i.USB_EPStartXfer)
    i.USB_EnableGlobalInt                    0x0800529c   Section        0  stm32f1xx_ll_usb.o(i.USB_EnableGlobalInt)
    i.USB_FlushRxFifo                        0x080052ac   Section        0  stm32f1xx_ll_usb.o(i.USB_FlushRxFifo)
    i.USB_FlushTxFifo                        0x080052d8   Section        0  stm32f1xx_ll_usb.o(i.USB_FlushTxFifo)
    i.USB_GetDevSpeed                        0x08005308   Section        0  stm32f1xx_ll_usb.o(i.USB_GetDevSpeed)
    i.USB_GetMode                            0x08005328   Section        0  stm32f1xx_ll_usb.o(i.USB_GetMode)
    i.USB_ReadDevAllInEpInterrupt            0x08005332   Section        0  stm32f1xx_ll_usb.o(i.USB_ReadDevAllInEpInterrupt)
    i.USB_ReadDevAllOutEpInterrupt           0x08005346   Section        0  stm32f1xx_ll_usb.o(i.USB_ReadDevAllOutEpInterrupt)
    i.USB_ReadDevInEPInterrupt               0x0800535a   Section        0  stm32f1xx_ll_usb.o(i.USB_ReadDevInEPInterrupt)
    i.USB_ReadDevOutEPInterrupt              0x0800538c   Section        0  stm32f1xx_ll_usb.o(i.USB_ReadDevOutEPInterrupt)
    i.USB_ReadInterrupts                     0x080053a6   Section        0  stm32f1xx_ll_usb.o(i.USB_ReadInterrupts)
    i.USB_ReadPacket                         0x080053b0   Section        0  stm32f1xx_ll_usb.o(i.USB_ReadPacket)
    i.USB_SetCurrentMode                     0x080053d2   Section        0  stm32f1xx_ll_usb.o(i.USB_SetCurrentMode)
    i.USB_SetDevAddress                      0x08005408   Section        0  stm32f1xx_ll_usb.o(i.USB_SetDevAddress)
    i.USB_SetDevSpeed                        0x08005432   Section        0  stm32f1xx_ll_usb.o(i.USB_SetDevSpeed)
    i.USB_SetTurnaroundTime                  0x08005444   Section        0  stm32f1xx_ll_usb.o(i.USB_SetTurnaroundTime)
    i.USB_WritePacket                        0x08005528   Section        0  stm32f1xx_ll_usb.o(i.USB_WritePacket)
    i.UsageFault_Handler                     0x08005558   Section        0  stm32f1xx_it.o(i.UsageFault_Handler)
    i.__NVIC_GetPriorityGrouping             0x0800555c   Section        0  stm32f1xx_hal_cortex.o(i.__NVIC_GetPriorityGrouping)
    __NVIC_GetPriorityGrouping               0x0800555d   Thumb Code    10  stm32f1xx_hal_cortex.o(i.__NVIC_GetPriorityGrouping)
    i.__NVIC_SetPriority                     0x0800556c   Section        0  stm32f1xx_hal_cortex.o(i.__NVIC_SetPriority)
    __NVIC_SetPriority                       0x0800556d   Thumb Code    32  stm32f1xx_hal_cortex.o(i.__NVIC_SetPriority)
    i.__scatterload_copy                     0x08005594   Section       14  handlers.o(i.__scatterload_copy)
    i.__scatterload_null                     0x080055a2   Section        2  handlers.o(i.__scatterload_null)
    i.__scatterload_zeroinit                 0x080055a4   Section       14  handlers.o(i.__scatterload_zeroinit)
    i.main                                   0x080055b4   Section        0  main.o(i.main)
    i.makeFreeRtosPriority                   0x0800565c   Section        0  cmsis_os.o(i.makeFreeRtosPriority)
    makeFreeRtosPriority                     0x0800565d   Thumb Code    14  cmsis_os.o(i.makeFreeRtosPriority)
    i.osDelay                                0x0800566a   Section        0  cmsis_os.o(i.osDelay)
    i.osKernelStart                          0x08005682   Section        0  cmsis_os.o(i.osKernelStart)
    i.osThreadCreate                         0x0800568c   Section        0  cmsis_os.o(i.osThreadCreate)
    i.prvAddCurrentTaskToDelayedList         0x080056ec   Section        0  tasks.o(i.prvAddCurrentTaskToDelayedList)
    prvAddCurrentTaskToDelayedList           0x080056ed   Thumb Code   124  tasks.o(i.prvAddCurrentTaskToDelayedList)
    i.prvAddNewTaskToReadyList               0x08005784   Section        0  tasks.o(i.prvAddNewTaskToReadyList)
    prvAddNewTaskToReadyList                 0x08005785   Thumb Code   150  tasks.o(i.prvAddNewTaskToReadyList)
    i.prvCheckTasksWaitingTermination        0x08005838   Section        0  tasks.o(i.prvCheckTasksWaitingTermination)
    prvCheckTasksWaitingTermination          0x08005839   Thumb Code    60  tasks.o(i.prvCheckTasksWaitingTermination)
    i.prvCopyDataFromQueue                   0x08005880   Section        0  queue.o(i.prvCopyDataFromQueue)
    prvCopyDataFromQueue                     0x08005881   Thumb Code    42  queue.o(i.prvCopyDataFromQueue)
    i.prvCopyDataToQueue                     0x080058aa   Section        0  queue.o(i.prvCopyDataToQueue)
    prvCopyDataToQueue                       0x080058ab   Thumb Code   124  queue.o(i.prvCopyDataToQueue)
    i.prvDeleteTCB                           0x08005926   Section        0  tasks.o(i.prvDeleteTCB)
    prvDeleteTCB                             0x08005927   Thumb Code    80  tasks.o(i.prvDeleteTCB)
    i.prvHeapInit                            0x08005978   Section        0  heap_4.o(i.prvHeapInit)
    prvHeapInit                              0x08005979   Thumb Code    98  heap_4.o(i.prvHeapInit)
    i.prvIdleTask                            0x080059f4   Section        0  tasks.o(i.prvIdleTask)
    prvIdleTask                              0x080059f5   Thumb Code    32  tasks.o(i.prvIdleTask)
    i.prvInitialiseNewQueue                  0x08005a1c   Section        0  queue.o(i.prvInitialiseNewQueue)
    prvInitialiseNewQueue                    0x08005a1d   Thumb Code    38  queue.o(i.prvInitialiseNewQueue)
    i.prvInitialiseNewTask                   0x08005a42   Section        0  tasks.o(i.prvInitialiseNewTask)
    prvInitialiseNewTask                     0x08005a43   Thumb Code   170  tasks.o(i.prvInitialiseNewTask)
    i.prvInitialiseTaskLists                 0x08005aec   Section        0  tasks.o(i.prvInitialiseTaskLists)
    prvInitialiseTaskLists                   0x08005aed   Thumb Code    70  tasks.o(i.prvInitialiseTaskLists)
    i.prvInsertBlockIntoFreeList             0x08005b54   Section        0  heap_4.o(i.prvInsertBlockIntoFreeList)
    prvInsertBlockIntoFreeList               0x08005b55   Thumb Code    96  heap_4.o(i.prvInsertBlockIntoFreeList)
    i.prvIsQueueEmpty                        0x08005bbc   Section        0  queue.o(i.prvIsQueueEmpty)
    prvIsQueueEmpty                          0x08005bbd   Thumb Code    26  queue.o(i.prvIsQueueEmpty)
    i.prvIsQueueFull                         0x08005bd6   Section        0  queue.o(i.prvIsQueueFull)
    prvIsQueueFull                           0x08005bd7   Thumb Code    30  queue.o(i.prvIsQueueFull)
    i.prvResetNextTaskUnblockTime            0x08005bf4   Section        0  tasks.o(i.prvResetNextTaskUnblockTime)
    prvResetNextTaskUnblockTime              0x08005bf5   Thumb Code    42  tasks.o(i.prvResetNextTaskUnblockTime)
    i.prvTaskExitError                       0x08005c28   Section        0  port.o(i.prvTaskExitError)
    prvTaskExitError                         0x08005c29   Thumb Code    60  port.o(i.prvTaskExitError)
    i.prvUnlockQueue                         0x08005c68   Section        0  queue.o(i.prvUnlockQueue)
    prvUnlockQueue                           0x08005c69   Thumb Code   126  queue.o(i.prvUnlockQueue)
    i.pvPortMalloc                           0x08005ce8   Section        0  heap_4.o(i.pvPortMalloc)
    i.pxPortInitialiseStack                  0x08005e24   Section        0  port.o(i.pxPortInitialiseStack)
    i.uxListRemove                           0x08005e48   Section        0  list.o(i.uxListRemove)
    i.vApplicationGetIdleTaskMemory          0x08005e70   Section        0  freertos.o(i.vApplicationGetIdleTaskMemory)
    i.vListInitialise                        0x08005e88   Section        0  list.o(i.vListInitialise)
    i.vListInitialiseItem                    0x08005ea2   Section        0  list.o(i.vListInitialiseItem)
    i.vListInsert                            0x08005ea8   Section        0  list.o(i.vListInsert)
    i.vListInsertEnd                         0x08005edc   Section        0  list.o(i.vListInsertEnd)
    i.vPortEnterCritical                     0x08005ef4   Section        0  port.o(i.vPortEnterCritical)
    i.vPortExitCritical                      0x08005f48   Section        0  port.o(i.vPortExitCritical)
    i.vPortFree                              0x08005f84   Section        0  heap_4.o(i.vPortFree)
    i.vPortSetupTimerInterrupt               0x08006018   Section        0  port.o(i.vPortSetupTimerInterrupt)
    i.vPortValidateInterruptPriority         0x08006040   Section        0  port.o(i.vPortValidateInterruptPriority)
    i.vTaskDelay                             0x080060b8   Section        0  tasks.o(i.vTaskDelay)
    i.vTaskInternalSetTimeOutState           0x08006114   Section        0  tasks.o(i.vTaskInternalSetTimeOutState)
    i.vTaskMissedYield                       0x0800612c   Section        0  tasks.o(i.vTaskMissedYield)
    i.vTaskPlaceOnEventList                  0x08006138   Section        0  tasks.o(i.vTaskPlaceOnEventList)
    i.vTaskStartScheduler                    0x08006170   Section        0  tasks.o(i.vTaskStartScheduler)
    i.vTaskSuspendAll                        0x08006220   Section        0  tasks.o(i.vTaskSuspendAll)
    i.vTaskSwitchContext                     0x08006230   Section        0  tasks.o(i.vTaskSwitchContext)
    i.xPortStartScheduler                    0x080062bc   Section        0  port.o(i.xPortStartScheduler)
    i.xPortSysTickHandler                    0x080063b4   Section        0  port.o(i.xPortSysTickHandler)
    i.xQueueGenericCreate                    0x080063e8   Section        0  queue.o(i.xQueueGenericCreate)
    i.xQueueGenericReset                     0x08006448   Section        0  queue.o(i.xQueueGenericReset)
    i.xQueueGenericSend                      0x080064e0   Section        0  queue.o(i.xQueueGenericSend)
    i.xQueueGenericSendFromISR               0x08006688   Section        0  queue.o(i.xQueueGenericSendFromISR)
    i.xQueueReceive                          0x08006780   Section        0  queue.o(i.xQueueReceive)
    i.xTaskCheckForTimeOut                   0x080068e8   Section        0  tasks.o(i.xTaskCheckForTimeOut)
    i.xTaskCreate                            0x08006974   Section        0  tasks.o(i.xTaskCreate)
    i.xTaskCreateStatic                      0x080069d8   Section        0  tasks.o(i.xTaskCreateStatic)
    i.xTaskGetSchedulerState                 0x08006a90   Section        0  tasks.o(i.xTaskGetSchedulerState)
    i.xTaskIncrementTick                     0x08006ab0   Section        0  tasks.o(i.xTaskIncrementTick)
    i.xTaskPriorityDisinherit                0x08006bf8   Section        0  tasks.o(i.xTaskPriorityDisinherit)
    i.xTaskRemoveFromEventList               0x08006cc0   Section        0  tasks.o(i.xTaskRemoveFromEventList)
    i.xTaskResumeAll                         0x08006d58   Section        0  tasks.o(i.xTaskResumeAll)
    .constdata                               0x08006e5c   Section       48  main.o(.constdata)
    .constdata                               0x08006e8c   Section       24  system_stm32f1xx.o(.constdata)
    .conststring                             0x08006ea4   Section       48  usb_parser.o(.conststring)
    .conststring                             0x08006ed4   Section       16  main.o(.conststring)
    .data                                    0x20000000   Section     1430  usb_parser.o(.data)
    commands_listen                          0x20000000   Data        1144  usb_parser.o(.data)
    trans_table                              0x20000478   Data         286  usb_parser.o(.data)
    .data                                    0x20000598   Section     1740  main.o(.data)
    commands_listen                          0x20000598   Data        1144  main.o(.data)
    trans_table                              0x20000a10   Data         286  main.o(.data)
    array_symbol                             0x20000c34   Data          48  main.o(.data)
    .data                                    0x20000c64   Section     1510  usbd_desc.o(.data)
    commands_listen                          0x20000c64   Data        1144  usbd_desc.o(.data)
    trans_table                              0x200010dc   Data         286  usbd_desc.o(.data)
    .data                                    0x2000124c   Section     1456  usbd_cdc_if.o(.data)
    commands_listen                          0x2000124c   Data        1144  usbd_cdc_if.o(.data)
    trans_table                              0x200016c4   Data         286  usbd_cdc_if.o(.data)
    xHigherPriorityTaskWoken                 0x200017f8   Data           4  usbd_cdc_if.o(.data)
    .data                                    0x200017fc   Section        4  system_stm32f1xx.o(.data)
    .data                                    0x20001800   Section        9  stm32f1xx_hal.o(.data)
    .data                                    0x2000180c   Section       60  tasks.o(.data)
    pxDelayedTaskList                        0x20001810   Data           4  tasks.o(.data)
    pxOverflowDelayedTaskList                0x20001814   Data           4  tasks.o(.data)
    uxDeletedTasksWaitingCleanUp             0x20001818   Data           4  tasks.o(.data)
    uxCurrentNumberOfTasks                   0x2000181c   Data           4  tasks.o(.data)
    xTickCount                               0x20001820   Data           4  tasks.o(.data)
    uxTopReadyPriority                       0x20001824   Data           4  tasks.o(.data)
    xSchedulerRunning                        0x20001828   Data           4  tasks.o(.data)
    uxPendedTicks                            0x2000182c   Data           4  tasks.o(.data)
    xYieldPending                            0x20001830   Data           4  tasks.o(.data)
    xNumOfOverflows                          0x20001834   Data           4  tasks.o(.data)
    uxTaskNumber                             0x20001838   Data           4  tasks.o(.data)
    xNextTaskUnblockTime                     0x2000183c   Data           4  tasks.o(.data)
    xIdleTaskHandle                          0x20001840   Data           4  tasks.o(.data)
    uxSchedulerSuspended                     0x20001844   Data           4  tasks.o(.data)
    .data                                    0x20001848   Section       24  heap_4.o(.data)
    xStart                                   0x20001848   Data           8  heap_4.o(.data)
    pxEnd                                    0x20001850   Data           4  heap_4.o(.data)
    xFreeBytesRemaining                      0x20001854   Data           4  heap_4.o(.data)
    xMinimumEverFreeBytesRemaining           0x20001858   Data           4  heap_4.o(.data)
    xBlockAllocatedBit                       0x2000185c   Data           4  heap_4.o(.data)
    .data                                    0x20001860   Section       12  port.o(.data)
    uxCriticalNesting                        0x20001860   Data           4  port.o(.data)
    ucMaxSysCallPriority                     0x20001864   Data           1  port.o(.data)
    ulMaxPRIGROUPValue                       0x20001868   Data           4  port.o(.data)
    .data                                    0x2000186c   Section     1431  usbd_ctlreq.o(.data)
    commands_listen                          0x2000186c   Data        1144  usbd_ctlreq.o(.data)
    trans_table                              0x20001ce4   Data         286  usbd_ctlreq.o(.data)
    cfgidx                                   0x20001e02   Data           1  usbd_ctlreq.o(.data)
    .data                                    0x20001e04   Section     1703  usbd_cdc.o(.data)
    commands_listen                          0x20001e04   Data        1144  usbd_cdc.o(.data)
    trans_table                              0x2000227c   Data         286  usbd_cdc.o(.data)
    USBD_CDC_DeviceQualifierDesc             0x2000239c   Data          10  usbd_cdc.o(.data)
    .bss                                     0x200024ac   Section      444  main.o(.bss)
    .bss                                     0x20002668   Section      596  freertos.o(.bss)
    xIdleTaskTCBBuffer                       0x20002668   Data          84  freertos.o(.bss)
    xIdleStack                               0x200026bc   Data         512  freertos.o(.bss)
    .bss                                     0x200028bc   Section      708  usb_device.o(.bss)
    .bss                                     0x20002b80   Section     1568  usbd_conf.o(.bss)
    mem                                      0x20002f80   Data         544  usbd_conf.o(.bss)
    .bss                                     0x200031a0   Section      512  usbd_desc.o(.bss)
    .bss                                     0x200033a0   Section      523  usbd_cdc_if.o(.bss)
    .bss                                     0x200035ac   Section      240  tasks.o(.bss)
    pxReadyTasksLists                        0x200035ac   Data         140  tasks.o(.bss)
    xDelayedTaskList1                        0x20003638   Data          20  tasks.o(.bss)
    xDelayedTaskList2                        0x2000364c   Data          20  tasks.o(.bss)
    xPendingReadyList                        0x20003660   Data          20  tasks.o(.bss)
    xTasksWaitingTermination                 0x20003674   Data          20  tasks.o(.bss)
    xSuspendedTaskList                       0x20003688   Data          20  tasks.o(.bss)
    .bss                                     0x2000369c   Section     4096  heap_4.o(.bss)
    ucHeap                                   0x2000369c   Data        4096  heap_4.o(.bss)
    STACK                                    0x200046a0   Section     1024  startup_stm32f105xc.o(STACK)

    Global Symbols

    Symbol Name                              Value     Ov Type        Size  Object(Section)

    BuildAttributes$$THM_ISAv4$P$D$K$B$S$PE$A:L22UL41UL21$X:L11$S22US41US21$IEEE1$IW$USESV6$~STKCKD$USESV7$~SHL$OSPACE$EBA8$MICROLIB$REQ8$PRES8$EABIv2 0x00000000   Number         0  anon$$obj.o ABSOLUTE
    __ARM_use_no_argv                        0x00000000   Number         0  main.o ABSOLUTE
    __cpp_initialize__aeabi_                  - Undefined Weak Reference
    __cxa_finalize                            - Undefined Weak Reference
    _clock_init                               - Undefined Weak Reference
    _microlib_exit                            - Undefined Weak Reference
    __Vectors_Size                           0x00000150   Number         0  startup_stm32f105xc.o ABSOLUTE
    __Vectors                                0x08000000   Data           4  startup_stm32f105xc.o(RESET)
    __Vectors_End                            0x08000150   Data           0  startup_stm32f105xc.o(RESET)
    __main                                   0x08000151   Thumb Code     0  entry.o(.ARM.Collect$$$$00000000)
    _main_stk                                0x08000151   Thumb Code     0  entry2.o(.ARM.Collect$$$$00000001)
    _main_scatterload                        0x08000155   Thumb Code     0  entry5.o(.ARM.Collect$$$$00000004)
    __main_after_scatterload                 0x08000159   Thumb Code     0  entry5.o(.ARM.Collect$$$$00000004)
    _main_clock                              0x08000159   Thumb Code     0  entry7b.o(.ARM.Collect$$$$00000008)
    _main_cpp_init                           0x08000159   Thumb Code     0  entry8b.o(.ARM.Collect$$$$0000000A)
    _main_init                               0x08000159   Thumb Code     0  entry9a.o(.ARM.Collect$$$$0000000B)
    __rt_final_cpp                           0x08000161   Thumb Code     0  entry10a.o(.ARM.Collect$$$$0000000D)
    __rt_final_exit                          0x08000161   Thumb Code     0  entry11a.o(.ARM.Collect$$$$0000000F)
    SVC_Handler                              0x08000165   Thumb Code    32  port.o(.emb_text)
    __asm___6_port_c_39a90d8d__prvStartFirstTask 0x08000189   Thumb Code    28  port.o(.emb_text)
    PendSV_Handler                           0x080001a9   Thumb Code    72  port.o(.emb_text)
    vPortGetIPSR                             0x080001f5   Thumb Code     6  port.o(.emb_text)
    Reset_Handler                            0x080001fd   Thumb Code     8  startup_stm32f105xc.o(.text)
    ADC1_2_IRQHandler                        0x08000217   Thumb Code     0  startup_stm32f105xc.o(.text)
    CAN1_RX0_IRQHandler                      0x08000217   Thumb Code     0  startup_stm32f105xc.o(.text)
    CAN1_RX1_IRQHandler                      0x08000217   Thumb Code     0  startup_stm32f105xc.o(.text)
    CAN1_SCE_IRQHandler                      0x08000217   Thumb Code     0  startup_stm32f105xc.o(.text)
    CAN1_TX_IRQHandler                       0x08000217   Thumb Code     0  startup_stm32f105xc.o(.text)
    CAN2_RX0_IRQHandler                      0x08000217   Thumb Code     0  startup_stm32f105xc.o(.text)
    CAN2_RX1_IRQHandler                      0x08000217   Thumb Code     0  startup_stm32f105xc.o(.text)
    CAN2_SCE_IRQHandler                      0x08000217   Thumb Code     0  startup_stm32f105xc.o(.text)
    CAN2_TX_IRQHandler                       0x08000217   Thumb Code     0  startup_stm32f105xc.o(.text)
    DMA1_Channel1_IRQHandler                 0x08000217   Thumb Code     0  startup_stm32f105xc.o(.text)
    DMA1_Channel2_IRQHandler                 0x08000217   Thumb Code     0  startup_stm32f105xc.o(.text)
    DMA1_Channel3_IRQHandler                 0x08000217   Thumb Code     0  startup_stm32f105xc.o(.text)
    DMA1_Channel4_IRQHandler                 0x08000217   Thumb Code     0  startup_stm32f105xc.o(.text)
    DMA1_Channel5_IRQHandler                 0x08000217   Thumb Code     0  startup_stm32f105xc.o(.text)
    DMA1_Channel6_IRQHandler                 0x08000217   Thumb Code     0  startup_stm32f105xc.o(.text)
    DMA1_Channel7_IRQHandler                 0x08000217   Thumb Code     0  startup_stm32f105xc.o(.text)
    DMA2_Channel1_IRQHandler                 0x08000217   Thumb Code     0  startup_stm32f105xc.o(.text)
    DMA2_Channel2_IRQHandler                 0x08000217   Thumb Code     0  startup_stm32f105xc.o(.text)
    DMA2_Channel3_IRQHandler                 0x08000217   Thumb Code     0  startup_stm32f105xc.o(.text)
    DMA2_Channel4_IRQHandler                 0x08000217   Thumb Code     0  startup_stm32f105xc.o(.text)
    DMA2_Channel5_IRQHandler                 0x08000217   Thumb Code     0  startup_stm32f105xc.o(.text)
    EXTI0_IRQHandler                         0x08000217   Thumb Code     0  startup_stm32f105xc.o(.text)
    EXTI15_10_IRQHandler                     0x08000217   Thumb Code     0  startup_stm32f105xc.o(.text)
    EXTI1_IRQHandler                         0x08000217   Thumb Code     0  startup_stm32f105xc.o(.text)
    EXTI2_IRQHandler                         0x08000217   Thumb Code     0  startup_stm32f105xc.o(.text)
    EXTI3_IRQHandler                         0x08000217   Thumb Code     0  startup_stm32f105xc.o(.text)
    EXTI4_IRQHandler                         0x08000217   Thumb Code     0  startup_stm32f105xc.o(.text)
    EXTI9_5_IRQHandler                       0x08000217   Thumb Code     0  startup_stm32f105xc.o(.text)
    FLASH_IRQHandler                         0x08000217   Thumb Code     0  startup_stm32f105xc.o(.text)
    I2C1_ER_IRQHandler                       0x08000217   Thumb Code     0  startup_stm32f105xc.o(.text)
    I2C1_EV_IRQHandler                       0x08000217   Thumb Code     0  startup_stm32f105xc.o(.text)
    I2C2_ER_IRQHandler                       0x08000217   Thumb Code     0  startup_stm32f105xc.o(.text)
    I2C2_EV_IRQHandler                       0x08000217   Thumb Code     0  startup_stm32f105xc.o(.text)
    OTG_FS_WKUP_IRQHandler                   0x08000217   Thumb Code     0  startup_stm32f105xc.o(.text)
    PVD_IRQHandler                           0x08000217   Thumb Code     0  startup_stm32f105xc.o(.text)
    RCC_IRQHandler                           0x08000217   Thumb Code     0  startup_stm32f105xc.o(.text)
    RTC_Alarm_IRQHandler                     0x08000217   Thumb Code     0  startup_stm32f105xc.o(.text)
    RTC_IRQHandler                           0x08000217   Thumb Code     0  startup_stm32f105xc.o(.text)
    SPI1_IRQHandler                          0x08000217   Thumb Code     0  startup_stm32f105xc.o(.text)
    SPI2_IRQHandler                          0x08000217   Thumb Code     0  startup_stm32f105xc.o(.text)
    SPI3_IRQHandler                          0x08000217   Thumb Code     0  startup_stm32f105xc.o(.text)
    TAMPER_IRQHandler                        0x08000217   Thumb Code     0  startup_stm32f105xc.o(.text)
    TIM1_BRK_IRQHandler                      0x08000217   Thumb Code     0  startup_stm32f105xc.o(.text)
    TIM1_CC_IRQHandler                       0x08000217   Thumb Code     0  startup_stm32f105xc.o(.text)
    TIM1_TRG_COM_IRQHandler                  0x08000217   Thumb Code     0  startup_stm32f105xc.o(.text)
    TIM1_UP_IRQHandler                       0x08000217   Thumb Code     0  startup_stm32f105xc.o(.text)
    TIM2_IRQHandler                          0x08000217   Thumb Code     0  startup_stm32f105xc.o(.text)
    TIM3_IRQHandler                          0x08000217   Thumb Code     0  startup_stm32f105xc.o(.text)
    TIM4_IRQHandler                          0x08000217   Thumb Code     0  startup_stm32f105xc.o(.text)
    TIM5_IRQHandler                          0x08000217   Thumb Code     0  startup_stm32f105xc.o(.text)
    TIM6_IRQHandler                          0x08000217   Thumb Code     0  startup_stm32f105xc.o(.text)
    TIM7_IRQHandler                          0x08000217   Thumb Code     0  startup_stm32f105xc.o(.text)
    UART4_IRQHandler                         0x08000217   Thumb Code     0  startup_stm32f105xc.o(.text)
    UART5_IRQHandler                         0x08000217   Thumb Code     0  startup_stm32f105xc.o(.text)
    USART1_IRQHandler                        0x08000217   Thumb Code     0  startup_stm32f105xc.o(.text)
    USART2_IRQHandler                        0x08000217   Thumb Code     0  startup_stm32f105xc.o(.text)
    USART3_IRQHandler                        0x08000217   Thumb Code     0  startup_stm32f105xc.o(.text)
    WWDG_IRQHandler                          0x08000217   Thumb Code     0  startup_stm32f105xc.o(.text)
    __aeabi_uldivmod                         0x08000221   Thumb Code    98  uldiv.o(.text)
    __aeabi_llsr                             0x08000283   Thumb Code    32  llushr.o(.text)
    _ll_ushift_r                             0x08000283   Thumb Code     0  llushr.o(.text)
    __aeabi_memcpy                           0x080002a3   Thumb Code    36  memcpya.o(.text)
    __aeabi_memcpy4                          0x080002a3   Thumb Code     0  memcpya.o(.text)
    __aeabi_memcpy8                          0x080002a3   Thumb Code     0  memcpya.o(.text)
    __aeabi_memset                           0x080002c7   Thumb Code    14  memseta.o(.text)
    __aeabi_memset4                          0x080002c7   Thumb Code     0  memseta.o(.text)
    __aeabi_memset8                          0x080002c7   Thumb Code     0  memseta.o(.text)
    __aeabi_memclr                           0x080002d5   Thumb Code     4  memseta.o(.text)
    __aeabi_memclr4                          0x080002d5   Thumb Code     0  memseta.o(.text)
    __aeabi_memclr8                          0x080002d5   Thumb Code     0  memseta.o(.text)
    memset                                   0x080002d9   Thumb Code    18  memseta.o(.text)
    strlen                                   0x080002eb   Thumb Code    14  strlen.o(.text)
    strncmp                                  0x080002f9   Thumb Code    30  strncmp.o(.text)
    __aeabi_llsl                             0x08000317   Thumb Code    30  llshl.o(.text)
    _ll_shift_l                              0x08000317   Thumb Code     0  llshl.o(.text)
    __scatterload                            0x08000335   Thumb Code    28  init.o(.text)
    __scatterload_rt2                        0x08000335   Thumb Code     0  init.o(.text)
    __decompress                             0x08000359   Thumb Code     0  __dczerorl2.o(.text)
    __decompress1                            0x08000359   Thumb Code    86  __dczerorl2.o(.text)
    AlgoritmGame                             0x080003b1   Thumb Code  2094  main.o(i.AlgoritmGame)
    BusFault_Handler                         0x08000be5   Thumb Code     4  stm32f1xx_it.o(i.BusFault_Handler)
    CDC_Transmit_FS                          0x08000cb9   Thumb Code    34  usbd_cdc_if.o(i.CDC_Transmit_FS)
    CheckFild                                0x08000ce1   Thumb Code    12  main.o(i.CheckFild)
    DebugMon_Handler                         0x08000ced   Thumb Code     2  stm32f1xx_it.o(i.DebugMon_Handler)
    Error_Handler                            0x08000cef   Thumb Code     2  main.o(i.Error_Handler)
    HAL_Delay                                0x08000d25   Thumb Code    36  stm32f1xx_hal.o(i.HAL_Delay)
    HAL_GPIO_Init                            0x08000d4d   Thumb Code   766  stm32f1xx_hal_gpio.o(i.HAL_GPIO_Init)
    HAL_GPIO_WritePin                        0x0800106d   Thumb Code    12  stm32f1xx_hal_gpio.o(i.HAL_GPIO_WritePin)
    HAL_GetTick                              0x08001079   Thumb Code     6  stm32f1xx_hal.o(i.HAL_GetTick)
    HAL_IncTick                              0x08001085   Thumb Code    16  stm32f1xx_hal.o(i.HAL_IncTick)
    HAL_Init                                 0x0800109d   Thumb Code    34  stm32f1xx_hal.o(i.HAL_Init)
    HAL_InitTick                             0x080010c5   Thumb Code    64  stm32f1xx_hal.o(i.HAL_InitTick)
    HAL_MspInit                              0x08001111   Thumb Code    68  stm32f1xx_hal_msp.o(i.HAL_MspInit)
    HAL_NVIC_EnableIRQ                       0x08001159   Thumb Code    32  stm32f1xx_hal_cortex.o(i.HAL_NVIC_EnableIRQ)
    HAL_NVIC_SetPriority                     0x08001179   Thumb Code   124  stm32f1xx_hal_cortex.o(i.HAL_NVIC_SetPriority)
    HAL_NVIC_SetPriorityGrouping             0x080011f5   Thumb Code    32  stm32f1xx_hal_cortex.o(i.HAL_NVIC_SetPriorityGrouping)
    HAL_PCDEx_SetRxFiFo                      0x0800121d   Thumb Code    10  stm32f1xx_hal_pcd_ex.o(i.HAL_PCDEx_SetRxFiFo)
    HAL_PCDEx_SetTxFiFo                      0x08001227   Thumb Code    78  stm32f1xx_hal_pcd_ex.o(i.HAL_PCDEx_SetTxFiFo)
    HAL_PCD_ConnectCallback                  0x08001275   Thumb Code    14  usbd_conf.o(i.HAL_PCD_ConnectCallback)
    HAL_PCD_DataInStageCallback              0x08001283   Thumb Code    32  usbd_conf.o(i.HAL_PCD_DataInStageCallback)
    HAL_PCD_DataOutStageCallback             0x080012a3   Thumb Code    32  usbd_conf.o(i.HAL_PCD_DataOutStageCallback)
    HAL_PCD_DisconnectCallback               0x080012c3   Thumb Code    14  usbd_conf.o(i.HAL_PCD_DisconnectCallback)
    HAL_PCD_EP_Close                         0x080012d1   Thumb Code   106  stm32f1xx_hal_pcd.o(i.HAL_PCD_EP_Close)
    HAL_PCD_EP_ClrStall                      0x0800133b   Thumb Code   124  stm32f1xx_hal_pcd.o(i.HAL_PCD_EP_ClrStall)
    HAL_PCD_EP_GetRxCount                    0x080013b7   Thumb Code    22  stm32f1xx_hal_pcd.o(i.HAL_PCD_EP_GetRxCount)
    HAL_PCD_EP_Open                          0x080013cd   Thumb Code   140  stm32f1xx_hal_pcd.o(i.HAL_PCD_EP_Open)
    HAL_PCD_EP_Receive                       0x08001459   Thumb Code    76  stm32f1xx_hal_pcd.o(i.HAL_PCD_EP_Receive)
    HAL_PCD_EP_SetStall                      0x080014a5   Thumb Code   136  stm32f1xx_hal_pcd.o(i.HAL_PCD_EP_SetStall)
    HAL_PCD_EP_Transmit                      0x0800152d   Thumb Code    78  stm32f1xx_hal_pcd.o(i.HAL_PCD_EP_Transmit)
    HAL_PCD_IRQHandler                       0x0800157b   Thumb Code  1202  stm32f1xx_hal_pcd.o(i.HAL_PCD_IRQHandler)
    HAL_PCD_ISOINIncompleteCallback          0x08001a2d   Thumb Code    18  usbd_conf.o(i.HAL_PCD_ISOINIncompleteCallback)
    HAL_PCD_ISOOUTIncompleteCallback         0x08001a3f   Thumb Code    18  usbd_conf.o(i.HAL_PCD_ISOOUTIncompleteCallback)
    HAL_PCD_Init                             0x08001a51   Thumb Code   358  stm32f1xx_hal_pcd.o(i.HAL_PCD_Init)
    HAL_PCD_MspInit                          0x08001bb9   Thumb Code   118  usbd_conf.o(i.HAL_PCD_MspInit)
    HAL_PCD_ResetCallback                    0x08001c39   Thumb Code    36  usbd_conf.o(i.HAL_PCD_ResetCallback)
    HAL_PCD_ResumeCallback                   0x08001c5d   Thumb Code    14  usbd_conf.o(i.HAL_PCD_ResumeCallback)
    HAL_PCD_SOFCallback                      0x08001c6b   Thumb Code    14  usbd_conf.o(i.HAL_PCD_SOFCallback)
    HAL_PCD_SetAddress                       0x08001c79   Thumb Code    54  stm32f1xx_hal_pcd.o(i.HAL_PCD_SetAddress)
    HAL_PCD_SetupStageCallback               0x08001caf   Thumb Code    18  usbd_conf.o(i.HAL_PCD_SetupStageCallback)
    HAL_PCD_Start                            0x08001cc1   Thumb Code    52  stm32f1xx_hal_pcd.o(i.HAL_PCD_Start)
    HAL_PCD_SuspendCallback                  0x08001cf5   Thumb Code    46  usbd_conf.o(i.HAL_PCD_SuspendCallback)
    HAL_RCCEx_PeriphCLKConfig                0x08001d29   Thumb Code   510  stm32f1xx_hal_rcc_ex.o(i.HAL_RCCEx_PeriphCLKConfig)
    HAL_RCC_ClockConfig                      0x08001f39   Thumb Code   376  stm32f1xx_hal_rcc.o(i.HAL_RCC_ClockConfig)
    HAL_RCC_GetHCLKFreq                      0x080020c5   Thumb Code     6  stm32f1xx_hal_rcc.o(i.HAL_RCC_GetHCLKFreq)
    HAL_RCC_GetSysClockFreq                  0x080020d1   Thumb Code   248  stm32f1xx_hal_rcc.o(i.HAL_RCC_GetSysClockFreq)
    HAL_RCC_OscConfig                        0x080021f9   Thumb Code  1378  stm32f1xx_hal_rcc.o(i.HAL_RCC_OscConfig)
    HAL_SYSTICK_Config                       0x08002765   Thumb Code    52  stm32f1xx_hal_cortex.o(i.HAL_SYSTICK_Config)
    HardFault_Handler                        0x08002799   Thumb Code     4  stm32f1xx_it.o(i.HardFault_Handler)
    MX_USB_DEVICE_Init                       0x08002869   Thumb Code    60  usb_device.o(i.MX_USB_DEVICE_Init)
    MemManage_Handler                        0x080028b5   Thumb Code     4  stm32f1xx_it.o(i.MemManage_Handler)
    ModifyGameField                          0x080028b9   Thumb Code   208  main.o(i.ModifyGameField)
    MoveComb                                 0x080029a1   Thumb Code   126  main.o(i.MoveComb)
    NMI_Handler                              0x08002a25   Thumb Code     2  stm32f1xx_it.o(i.NMI_Handler)
    OTG_FS_IRQHandler                        0x08002a29   Thumb Code    10  stm32f1xx_it.o(i.OTG_FS_IRQHandler)
    ParsCMD                                  0x08002ba5   Thumb Code   148  usb_parser.o(i.ParsCMD)
    PrepareMove                              0x08002c41   Thumb Code   810  main.o(i.PrepareMove)
    RemoveComb                               0x08002fbd   Thumb Code    48  main.o(i.RemoveComb)
    ResetAllDataGame                         0x08002fed   Thumb Code   112  main.o(i.ResetAllDataGame)
    SearchLineBlock                          0x08003075   Thumb Code   164  main.o(i.SearchLineBlock)
    SearchWinComb                            0x08003125   Thumb Code   140  main.o(i.SearchWinComb)
    SeparateLine                             0x080031b9   Thumb Code   190  main.o(i.SeparateLine)
    SetMoveInMsg                             0x08003285   Thumb Code   108  main.o(i.SetMoveInMsg)
    StartDefaultTask                         0x080032fd   Thumb Code    14  main.o(i.StartDefaultTask)
    SysTick_Handler                          0x0800330b   Thumb Code    20  stm32f1xx_it.o(i.SysTick_Handler)
    SystemClock_Config                       0x08003321   Thumb Code   142  main.o(i.SystemClock_Config)
    SystemInit                               0x080033b5   Thumb Code    84  system_stm32f1xx.o(i.SystemInit)
    Task_Pars_USB                            0x08003419   Thumb Code   162  main.o(i.Task_Pars_USB)
    Task_Send_USB                            0x080034cd   Thumb Code    84  main.o(i.Task_Send_USB)
    USBD_CDC_GetDeviceQualifierDescriptor    0x08003659   Thumb Code    10  usbd_cdc.o(i.USBD_CDC_GetDeviceQualifierDescriptor)
    USBD_CDC_ReceivePacket                   0x08003751   Thumb Code    58  usbd_cdc.o(i.USBD_CDC_ReceivePacket)
    USBD_CDC_RegisterInterface               0x0800378b   Thumb Code    14  usbd_cdc.o(i.USBD_CDC_RegisterInterface)
    USBD_CDC_SetRxBuffer                     0x08003799   Thumb Code    14  usbd_cdc.o(i.USBD_CDC_SetRxBuffer)
    USBD_CDC_SetTxBuffer                     0x080037a7   Thumb Code    20  usbd_cdc.o(i.USBD_CDC_SetTxBuffer)
    USBD_CDC_TransmitPacket                  0x080038af   Thumb Code    62  usbd_cdc.o(i.USBD_CDC_TransmitPacket)
    USBD_ClrClassConfig                      0x080038ed   Thumb Code    22  usbd_core.o(i.USBD_ClrClassConfig)
    USBD_CtlContinueRx                       0x08003941   Thumb Code    24  usbd_ioreq.o(i.USBD_CtlContinueRx)
    USBD_CtlContinueSendData                 0x08003959   Thumb Code    24  usbd_ioreq.o(i.USBD_CtlContinueSendData)
    USBD_CtlError                            0x08003971   Thumb Code    24  usbd_ctlreq.o(i.USBD_CtlError)
    USBD_CtlPrepareRx                        0x08003989   Thumb Code    40  usbd_ioreq.o(i.USBD_CtlPrepareRx)
    USBD_CtlReceiveStatus                    0x080039b1   Thumb Code    26  usbd_ioreq.o(i.USBD_CtlReceiveStatus)
    USBD_CtlSendData                         0x080039cb   Thumb Code    34  usbd_ioreq.o(i.USBD_CtlSendData)
    USBD_CtlSendStatus                       0x080039ed   Thumb Code    26  usbd_ioreq.o(i.USBD_CtlSendStatus)
    USBD_FS_ConfigStrDescriptor              0x08003a09   Thumb Code    34  usbd_desc.o(i.USBD_FS_ConfigStrDescriptor)
    USBD_FS_DeviceDescriptor                 0x08003a3d   Thumb Code    10  usbd_desc.o(i.USBD_FS_DeviceDescriptor)
    USBD_FS_InterfaceStrDescriptor           0x08003a4d   Thumb Code    34  usbd_desc.o(i.USBD_FS_InterfaceStrDescriptor)
    USBD_FS_LangIDStrDescriptor              0x08003a85   Thumb Code    10  usbd_desc.o(i.USBD_FS_LangIDStrDescriptor)
    USBD_FS_ManufacturerStrDescriptor        0x08003a95   Thumb Code    20  usbd_desc.o(i.USBD_FS_ManufacturerStrDescriptor)
    USBD_FS_ProductStrDescriptor             0x08003ac1   Thumb Code    34  usbd_desc.o(i.USBD_FS_ProductStrDescriptor)
    USBD_FS_SerialStrDescriptor              0x08003b01   Thumb Code    18  usbd_desc.o(i.USBD_FS_SerialStrDescriptor)
    USBD_GetString                           0x08003dd1   Thumb Code    82  usbd_ctlreq.o(i.USBD_GetString)
    USBD_Init                                0x08003e4f   Thumb Code    50  usbd_core.o(i.USBD_Init)
    USBD_LL_ClearStallEP                     0x08003e81   Thumb Code    38  usbd_conf.o(i.USBD_LL_ClearStallEP)
    USBD_LL_CloseEP                          0x08003ea7   Thumb Code    38  usbd_conf.o(i.USBD_LL_CloseEP)
    USBD_LL_DataInStage                      0x08003ecd   Thumb Code   256  usbd_core.o(i.USBD_LL_DataInStage)
    USBD_LL_DataOutStage                     0x08003fcd   Thumb Code   166  usbd_core.o(i.USBD_LL_DataOutStage)
    USBD_LL_DevConnected                     0x08004073   Thumb Code     6  usbd_core.o(i.USBD_LL_DevConnected)
    USBD_LL_DevDisconnected                  0x08004079   Thumb Code    26  usbd_core.o(i.USBD_LL_DevDisconnected)
    USBD_LL_GetRxDataSize                    0x08004093   Thumb Code    18  usbd_conf.o(i.USBD_LL_GetRxDataSize)
    USBD_LL_Init                             0x080040a5   Thumb Code    88  usbd_conf.o(i.USBD_LL_Init)
    USBD_LL_IsStallEP                        0x08004101   Thumb Code    56  usbd_conf.o(i.USBD_LL_IsStallEP)
    USBD_LL_IsoINIncomplete                  0x08004139   Thumb Code     6  usbd_core.o(i.USBD_LL_IsoINIncomplete)
    USBD_LL_IsoOUTIncomplete                 0x0800413f   Thumb Code     6  usbd_core.o(i.USBD_LL_IsoOUTIncomplete)
    USBD_LL_OpenEP                           0x08004145   Thumb Code    48  usbd_conf.o(i.USBD_LL_OpenEP)
    USBD_LL_PrepareReceive                   0x08004175   Thumb Code    48  usbd_conf.o(i.USBD_LL_PrepareReceive)
    USBD_LL_Reset                            0x080041a5   Thumb Code    92  usbd_core.o(i.USBD_LL_Reset)
    USBD_LL_Resume                           0x08004201   Thumb Code    22  usbd_core.o(i.USBD_LL_Resume)
    USBD_LL_SOF                              0x08004217   Thumb Code    34  usbd_core.o(i.USBD_LL_SOF)
    USBD_LL_SetSpeed                         0x08004239   Thumb Code     8  usbd_core.o(i.USBD_LL_SetSpeed)
    USBD_LL_SetUSBAddress                    0x08004241   Thumb Code    38  usbd_conf.o(i.USBD_LL_SetUSBAddress)
    USBD_LL_SetupStage                       0x08004267   Thumb Code   110  usbd_core.o(i.USBD_LL_SetupStage)
    USBD_LL_StallEP                          0x080042d5   Thumb Code    38  usbd_conf.o(i.USBD_LL_StallEP)
    USBD_LL_Start                            0x080042fb   Thumb Code    30  usbd_conf.o(i.USBD_LL_Start)
    USBD_LL_Suspend                          0x08004319   Thumb Code    20  usbd_core.o(i.USBD_LL_Suspend)
    USBD_LL_Transmit                         0x0800432d   Thumb Code    48  usbd_conf.o(i.USBD_LL_Transmit)
    USBD_ParseSetupRequest                   0x0800435d   Thumb Code    40  usbd_ctlreq.o(i.USBD_ParseSetupRequest)
    USBD_RegisterClass                       0x08004385   Thumb Code    16  usbd_core.o(i.USBD_RegisterClass)
    USBD_RunTestMode                         0x08004395   Thumb Code     6  usbd_core.o(i.USBD_RunTestMode)
    USBD_SetClassConfig                      0x080043f5   Thumb Code    34  usbd_core.o(i.USBD_SetClassConfig)
    USBD_Start                               0x08004519   Thumb Code    14  usbd_core.o(i.USBD_Start)
    USBD_StdDevReq                           0x08004527   Thumb Code   162  usbd_ctlreq.o(i.USBD_StdDevReq)
    USBD_StdEPReq                            0x080045c9   Thumb Code   568  usbd_ctlreq.o(i.USBD_StdEPReq)
    USBD_StdItfReq                           0x08004801   Thumb Code   126  usbd_ctlreq.o(i.USBD_StdItfReq)
    USBD_static_free                         0x0800487f   Thumb Code     2  usbd_conf.o(i.USBD_static_free)
    USBD_static_malloc                       0x08004881   Thumb Code     6  usbd_conf.o(i.USBD_static_malloc)
    USB_ActivateEndpoint                     0x0800488d   Thumb Code   202  stm32f1xx_ll_usb.o(i.USB_ActivateEndpoint)
    USB_ActivateSetup                        0x0800495d   Thumb Code    40  stm32f1xx_ll_usb.o(i.USB_ActivateSetup)
    USB_CoreInit                             0x08004985   Thumb Code    92  stm32f1xx_ll_usb.o(i.USB_CoreInit)
    USB_DeactivateEndpoint                   0x08004a31   Thumb Code   182  stm32f1xx_ll_usb.o(i.USB_DeactivateEndpoint)
    USB_DevConnect                           0x08004af5   Thumb Code    32  stm32f1xx_ll_usb.o(i.USB_DevConnect)
    USB_DevDisconnect                        0x08004b15   Thumb Code    32  stm32f1xx_ll_usb.o(i.USB_DevDisconnect)
    USB_DevInit                              0x08004b35   Thumb Code   384  stm32f1xx_ll_usb.o(i.USB_DevInit)
    USB_DisableGlobalInt                     0x08004cbd   Thumb Code    14  stm32f1xx_ll_usb.o(i.USB_DisableGlobalInt)
    USB_EP0StartXfer                         0x08004ccd   Thumb Code   402  stm32f1xx_ll_usb.o(i.USB_EP0StartXfer)
    USB_EP0_OutStart                         0x08004e65   Thumb Code    82  stm32f1xx_ll_usb.o(i.USB_EP0_OutStart)
    USB_EPClearStall                         0x08004ebd   Thumb Code   142  stm32f1xx_ll_usb.o(i.USB_EPClearStall)
    USB_EPSetStall                           0x08004f4b   Thumb Code   154  stm32f1xx_ll_usb.o(i.USB_EPSetStall)
    USB_EPStartXfer                          0x08004fe5   Thumb Code   690  stm32f1xx_ll_usb.o(i.USB_EPStartXfer)
    USB_EnableGlobalInt                      0x0800529d   Thumb Code    14  stm32f1xx_ll_usb.o(i.USB_EnableGlobalInt)
    USB_FlushRxFifo                          0x080052ad   Thumb Code    38  stm32f1xx_ll_usb.o(i.USB_FlushRxFifo)
    USB_FlushTxFifo                          0x080052d9   Thumb Code    44  stm32f1xx_ll_usb.o(i.USB_FlushTxFifo)
    USB_GetDevSpeed                          0x08005309   Thumb Code    32  stm32f1xx_ll_usb.o(i.USB_GetDevSpeed)
    USB_GetMode                              0x08005329   Thumb Code    10  stm32f1xx_ll_usb.o(i.USB_GetMode)
    USB_ReadDevAllInEpInterrupt              0x08005333   Thumb Code    20  stm32f1xx_ll_usb.o(i.USB_ReadDevAllInEpInterrupt)
    USB_ReadDevAllOutEpInterrupt             0x08005347   Thumb Code    20  stm32f1xx_ll_usb.o(i.USB_ReadDevAllOutEpInterrupt)
    USB_ReadDevInEPInterrupt                 0x0800535b   Thumb Code    50  stm32f1xx_ll_usb.o(i.USB_ReadDevInEPInterrupt)
    USB_ReadDevOutEPInterrupt                0x0800538d   Thumb Code    26  stm32f1xx_ll_usb.o(i.USB_ReadDevOutEPInterrupt)
    USB_ReadInterrupts                       0x080053a7   Thumb Code    10  stm32f1xx_ll_usb.o(i.USB_ReadInterrupts)
    USB_ReadPacket                           0x080053b1   Thumb Code    34  stm32f1xx_ll_usb.o(i.USB_ReadPacket)
    USB_SetCurrentMode                       0x080053d3   Thumb Code    54  stm32f1xx_ll_usb.o(i.USB_SetCurrentMode)
    USB_SetDevAddress                        0x08005409   Thumb Code    42  stm32f1xx_ll_usb.o(i.USB_SetDevAddress)
    USB_SetDevSpeed                          0x08005433   Thumb Code    18  stm32f1xx_ll_usb.o(i.USB_SetDevSpeed)
    USB_SetTurnaroundTime                    0x08005445   Thumb Code   186  stm32f1xx_ll_usb.o(i.USB_SetTurnaroundTime)
    USB_WritePacket                          0x08005529   Thumb Code    48  stm32f1xx_ll_usb.o(i.USB_WritePacket)
    UsageFault_Handler                       0x08005559   Thumb Code     4  stm32f1xx_it.o(i.UsageFault_Handler)
    __scatterload_copy                       0x08005595   Thumb Code    14  handlers.o(i.__scatterload_copy)
    __scatterload_null                       0x080055a3   Thumb Code     2  handlers.o(i.__scatterload_null)
    __scatterload_zeroinit                   0x080055a5   Thumb Code    14  handlers.o(i.__scatterload_zeroinit)
    main                                     0x080055b5   Thumb Code   110  main.o(i.main)
    osDelay                                  0x0800566b   Thumb Code    24  cmsis_os.o(i.osDelay)
    osKernelStart                            0x08005683   Thumb Code    10  cmsis_os.o(i.osKernelStart)
    osThreadCreate                           0x0800568d   Thumb Code    94  cmsis_os.o(i.osThreadCreate)
    pvPortMalloc                             0x08005ce9   Thumb Code   296  heap_4.o(i.pvPortMalloc)
    pxPortInitialiseStack                    0x08005e25   Thumb Code    30  port.o(i.pxPortInitialiseStack)
    uxListRemove                             0x08005e49   Thumb Code    40  list.o(i.uxListRemove)
    vApplicationGetIdleTaskMemory            0x08005e71   Thumb Code    14  freertos.o(i.vApplicationGetIdleTaskMemory)
    vListInitialise                          0x08005e89   Thumb Code    26  list.o(i.vListInitialise)
    vListInitialiseItem                      0x08005ea3   Thumb Code     6  list.o(i.vListInitialiseItem)
    vListInsert                              0x08005ea9   Thumb Code    52  list.o(i.vListInsert)
    vListInsertEnd                           0x08005edd   Thumb Code    24  list.o(i.vListInsertEnd)
    vPortEnterCritical                       0x08005ef5   Thumb Code    76  port.o(i.vPortEnterCritical)
    vPortExitCritical                        0x08005f49   Thumb Code    56  port.o(i.vPortExitCritical)
    vPortFree                                0x08005f85   Thumb Code   140  heap_4.o(i.vPortFree)
    vPortSetupTimerInterrupt                 0x08006019   Thumb Code    36  port.o(i.vPortSetupTimerInterrupt)
    vPortValidateInterruptPriority           0x08006041   Thumb Code   106  port.o(i.vPortValidateInterruptPriority)
    vTaskDelay                               0x080060b9   Thumb Code    82  tasks.o(i.vTaskDelay)
    vTaskInternalSetTimeOutState             0x08006115   Thumb Code    14  tasks.o(i.vTaskInternalSetTimeOutState)
    vTaskMissedYield                         0x0800612d   Thumb Code     8  tasks.o(i.vTaskMissedYield)
    vTaskPlaceOnEventList                    0x08006139   Thumb Code    52  tasks.o(i.vTaskPlaceOnEventList)
    vTaskStartScheduler                      0x08006171   Thumb Code   146  tasks.o(i.vTaskStartScheduler)
    vTaskSuspendAll                          0x08006221   Thumb Code    12  tasks.o(i.vTaskSuspendAll)
    vTaskSwitchContext                       0x08006231   Thumb Code   118  tasks.o(i.vTaskSwitchContext)
    xPortStartScheduler                      0x080062bd   Thumb Code   228  port.o(i.xPortStartScheduler)
    xPortSysTickHandler                      0x080063b5   Thumb Code    46  port.o(i.xPortSysTickHandler)
    xQueueGenericCreate                      0x080063e9   Thumb Code    94  queue.o(i.xQueueGenericCreate)
    xQueueGenericReset                       0x08006449   Thumb Code   146  queue.o(i.xQueueGenericReset)
    xQueueGenericSend                        0x080064e1   Thumb Code   420  queue.o(i.xQueueGenericSend)
    xQueueGenericSendFromISR                 0x08006689   Thumb Code   248  queue.o(i.xQueueGenericSendFromISR)
    xQueueReceive                            0x08006781   Thumb Code   356  queue.o(i.xQueueReceive)
    xTaskCheckForTimeOut                     0x080068e9   Thumb Code   132  tasks.o(i.xTaskCheckForTimeOut)
    xTaskCreate                              0x08006975   Thumb Code   100  tasks.o(i.xTaskCreate)
    xTaskCreateStatic                        0x080069d9   Thumb Code   184  tasks.o(i.xTaskCreateStatic)
    xTaskGetSchedulerState                   0x08006a91   Thumb Code    24  tasks.o(i.xTaskGetSchedulerState)
    xTaskIncrementTick                       0x08006ab1   Thumb Code   282  tasks.o(i.xTaskIncrementTick)
    xTaskPriorityDisinherit                  0x08006bf9   Thumb Code   188  tasks.o(i.xTaskPriorityDisinherit)
    xTaskRemoveFromEventList                 0x08006cc1   Thumb Code   128  tasks.o(i.xTaskRemoveFromEventList)
    xTaskResumeAll                           0x08006d59   Thumb Code   224  tasks.o(i.xTaskResumeAll)
    AHBPrescTable                            0x08006e8c   Data          16  system_stm32f1xx.o(.constdata)
    APBPrescTable                            0x08006e9c   Data           8  system_stm32f1xx.o(.constdata)
    Region$$Table$$Base                      0x08006ee4   Number         0  anon$$obj.o(Region$$Table)
    Region$$Table$$Limit                     0x08006f04   Number         0  anon$$obj.o(Region$$Table)
    defaultTaskHandle                        0x20000b30   Data           4  main.o(.data)
    queue_usb                                0x20000b34   Data           4  main.o(.data)
    queue_in_usb                             0x20000b38   Data           4  main.o(.data)
    result_search                            0x20000b3c   Data           1  main.o(.data)
    abc_xy                                   0x20000b3d   Data          18  main.o(.data)
    step                                     0x20000b4f   Data           1  main.o(.data)
    first_state                              0x20000b50   Data          25  main.o(.data)
    flag_start_game                          0x20000b69   Data           1  main.o(.data)
    your_step_my_step                        0x20000b6a   Data          27  main.o(.data)
    invite                                   0x20000b85   Data          32  main.o(.data)
    you_won                                  0x20000ba5   Data          28  main.o(.data)
    i_won                                    0x20000bc1   Data          28  main.o(.data)
    draw                                     0x20000bdd   Data          24  main.o(.data)
    game_field                               0x20000bf5   Data          60  main.o(.data)
    FS_Desc                                  0x200011fc   Data          28  usbd_desc.o(.data)
    USBD_FS_DeviceDesc                       0x20001218   Data          18  usbd_desc.o(.data)
    USBD_LangIDDesc                          0x2000122c   Data           4  usbd_desc.o(.data)
    USBD_StringSerial                        0x20001230   Data          26  usbd_desc.o(.data)
    hUsbDevice_0                             0x200017e4   Data           4  usbd_cdc_if.o(.data)
    USBD_Interface_fops_FS                   0x200017e8   Data          16  usbd_cdc_if.o(.data)
    SystemCoreClock                          0x200017fc   Data           4  system_stm32f1xx.o(.data)
    uwTick                                   0x20001800   Data           4  stm32f1xx_hal.o(.data)
    uwTickPrio                               0x20001804   Data           4  stm32f1xx_hal.o(.data)
    uwTickFreq                               0x20001808   Data           1  stm32f1xx_hal.o(.data)
    pxCurrentTCB                             0x2000180c   Data           4  tasks.o(.data)
    USBD_CDC                                 0x200023a8   Data          56  usbd_cdc.o(.data)
    USBD_CDC_CfgHSDesc                       0x200023e0   Data          67  usbd_cdc.o(.data)
    USBD_CDC_CfgFSDesc                       0x20002424   Data          67  usbd_cdc.o(.data)
    USBD_CDC_OtherSpeedCfgDesc               0x20002468   Data          67  usbd_cdc.o(.data)
    data_buff_input_usb                      0x200024ac   Data          64  main.o(.bss)
    data_buff_to_usb                         0x200024ec   Data          64  main.o(.bss)
    struct_for_send                          0x2000252c   Data         124  main.o(.bss)
    z_coordinates                            0x200025a8   Data           9  main.o(.bss)
    x_coordinates                            0x200025b1   Data           9  main.o(.bss)
    block_comb                               0x200025ba   Data          25  main.o(.bss)
    norm_comb                                0x200025d3   Data          25  main.o(.bss)
    msg_full                                 0x200025ec   Data         124  main.o(.bss)
    hUsbDeviceFS                             0x200028bc   Data         708  usb_device.o(.bss)
    hpcd_USB_OTG_FS                          0x20002b80   Data        1024  usbd_conf.o(.bss)
    USBD_StrDesc                             0x200031a0   Data         512  usbd_desc.o(.bss)
    Data_USB_rBuff                           0x200033a0   Data         267  usbd_cdc_if.o(.bss)
    Data_USB                                 0x200034ab   Data          64  usbd_cdc_if.o(.bss)
    Temp_Copy_Data_USB                       0x200034eb   Data          64  usbd_cdc_if.o(.bss)
    UserRxBufferFS                           0x2000352b   Data          64  usbd_cdc_if.o(.bss)
    UserTxBufferFS                           0x2000356b   Data          64  usbd_cdc_if.o(.bss)
    __initial_sp                             0x20004aa0   Data           0  startup_stm32f105xc.o(STACK)



==============================================================================

Memory Map of the image

  Image Entry point : 0x08000151

  Load Region LR_IROM1 (Base: 0x08000000, Size: 0x000093b0, Max: 0x00040000, ABSOLUTE, COMPRESSED[0x00007240])

    Execution Region ER_IROM1 (Base: 0x08000000, Size: 0x00006f04, Max: 0x00040000, ABSOLUTE)

    Base Addr    Size         Type   Attr      Idx    E Section Name        Object

    0x08000000   0x00000150   Data   RO            3    RESET               startup_stm32f105xc.o
    0x08000150   0x00000000   Code   RO         4280  * .ARM.Collect$$$$00000000  mc_w.l(entry.o)
    0x08000150   0x00000004   Code   RO         4299    .ARM.Collect$$$$00000001  mc_w.l(entry2.o)
    0x08000154   0x00000004   Code   RO         4302    .ARM.Collect$$$$00000004  mc_w.l(entry5.o)
    0x08000158   0x00000000   Code   RO         4304    .ARM.Collect$$$$00000008  mc_w.l(entry7b.o)
    0x08000158   0x00000000   Code   RO         4306    .ARM.Collect$$$$0000000A  mc_w.l(entry8b.o)
    0x08000158   0x00000008   Code   RO         4307    .ARM.Collect$$$$0000000B  mc_w.l(entry9a.o)
    0x08000160   0x00000000   Code   RO         4309    .ARM.Collect$$$$0000000D  mc_w.l(entry10a.o)
    0x08000160   0x00000000   Code   RO         4311    .ARM.Collect$$$$0000000F  mc_w.l(entry11a.o)
    0x08000160   0x00000004   Code   RO         4300    .ARM.Collect$$$$00002712  mc_w.l(entry2.o)
    0x08000164   0x00000096   Code   RO         3796    .emb_text           port.o
    0x080001fa   0x00000002   PAD
    0x080001fc   0x00000024   Code   RO            4    .text               startup_stm32f105xc.o
    0x08000220   0x00000062   Code   RO         4283    .text               mc_w.l(uldiv.o)
    0x08000282   0x00000020   Code   RO         4285    .text               mc_w.l(llushr.o)
    0x080002a2   0x00000024   Code   RO         4287    .text               mc_w.l(memcpya.o)
    0x080002c6   0x00000024   Code   RO         4291    .text               mc_w.l(memseta.o)
    0x080002ea   0x0000000e   Code   RO         4293    .text               mc_w.l(strlen.o)
    0x080002f8   0x0000001e   Code   RO         4295    .text               mc_w.l(strncmp.o)
    0x08000316   0x0000001e   Code   RO         4313    .text               mc_w.l(llshl.o)
    0x08000334   0x00000024   Code   RO         4315    .text               mc_w.l(init.o)
    0x08000358   0x00000056   Code   RO         4325    .text               mc_w.l(__dczerorl2.o)
    0x080003ae   0x00000002   PAD
    0x080003b0   0x00000834   Code   RO          183    i.AlgoritmGame      main.o
    0x08000be4   0x00000004   Code   RO          779    i.BusFault_Handler  stm32f1xx_it.o
    0x08000be8   0x00000044   Code   RO          720    i.CDC_Control_FS    usbd_cdc_if.o
    0x08000c2c   0x00000004   Code   RO          721    i.CDC_DeInit_FS     usbd_cdc_if.o
    0x08000c30   0x00000034   Code   RO          722    i.CDC_Init_FS       usbd_cdc_if.o
    0x08000c64   0x00000054   Code   RO          723    i.CDC_Receive_FS    usbd_cdc_if.o
    0x08000cb8   0x00000028   Code   RO          724    i.CDC_Transmit_FS   usbd_cdc_if.o
    0x08000ce0   0x0000000c   Code   RO          184    i.CheckFild         main.o
    0x08000cec   0x00000002   Code   RO          780    i.DebugMon_Handler  stm32f1xx_it.o
    0x08000cee   0x00000002   Code   RO          185    i.Error_Handler     main.o
    0x08000cf0   0x00000034   Code   RO          620    i.Get_SerialNum     usbd_desc.o
    0x08000d24   0x00000028   Code   RO         1529    i.HAL_Delay         stm32f1xx_hal.o
    0x08000d4c   0x00000320   Code   RO         1866    i.HAL_GPIO_Init     stm32f1xx_hal_gpio.o
    0x0800106c   0x0000000c   Code   RO         1870    i.HAL_GPIO_WritePin  stm32f1xx_hal_gpio.o
    0x08001078   0x0000000c   Code   RO         1533    i.HAL_GetTick       stm32f1xx_hal.o
    0x08001084   0x00000018   Code   RO         1539    i.HAL_IncTick       stm32f1xx_hal.o
    0x0800109c   0x00000028   Code   RO         1540    i.HAL_Init          stm32f1xx_hal.o
    0x080010c4   0x0000004c   Code   RO         1541    i.HAL_InitTick      stm32f1xx_hal.o
    0x08001110   0x00000048   Code   RO          849    i.HAL_MspInit       stm32f1xx_hal_msp.o
    0x08001158   0x00000020   Code   RO         2026    i.HAL_NVIC_EnableIRQ  stm32f1xx_hal_cortex.o
    0x08001178   0x0000007c   Code   RO         2032    i.HAL_NVIC_SetPriority  stm32f1xx_hal_cortex.o
    0x080011f4   0x00000028   Code   RO         2033    i.HAL_NVIC_SetPriorityGrouping  stm32f1xx_hal_cortex.o
    0x0800121c   0x0000000a   Code   RO         1176    i.HAL_PCDEx_SetRxFiFo  stm32f1xx_hal_pcd_ex.o
    0x08001226   0x0000004e   Code   RO         1177    i.HAL_PCDEx_SetTxFiFo  stm32f1xx_hal_pcd_ex.o
    0x08001274   0x0000000e   Code   RO          412    i.HAL_PCD_ConnectCallback  usbd_conf.o
    0x08001282   0x00000020   Code   RO          413    i.HAL_PCD_DataInStageCallback  usbd_conf.o
    0x080012a2   0x00000020   Code   RO          414    i.HAL_PCD_DataOutStageCallback  usbd_conf.o
    0x080012c2   0x0000000e   Code   RO          415    i.HAL_PCD_DisconnectCallback  usbd_conf.o
    0x080012d0   0x0000006a   Code   RO          958    i.HAL_PCD_EP_Close  stm32f1xx_hal_pcd.o
    0x0800133a   0x0000007c   Code   RO          959    i.HAL_PCD_EP_ClrStall  stm32f1xx_hal_pcd.o
    0x080013b6   0x00000016   Code   RO          961    i.HAL_PCD_EP_GetRxCount  stm32f1xx_hal_pcd.o
    0x080013cc   0x0000008c   Code   RO          962    i.HAL_PCD_EP_Open   stm32f1xx_hal_pcd.o
    0x08001458   0x0000004c   Code   RO          963    i.HAL_PCD_EP_Receive  stm32f1xx_hal_pcd.o
    0x080014a4   0x00000088   Code   RO          964    i.HAL_PCD_EP_SetStall  stm32f1xx_hal_pcd.o
    0x0800152c   0x0000004e   Code   RO          965    i.HAL_PCD_EP_Transmit  stm32f1xx_hal_pcd.o
    0x0800157a   0x000004b2   Code   RO          967    i.HAL_PCD_IRQHandler  stm32f1xx_hal_pcd.o
    0x08001a2c   0x00000012   Code   RO          416    i.HAL_PCD_ISOINIncompleteCallback  usbd_conf.o
    0x08001a3e   0x00000012   Code   RO          417    i.HAL_PCD_ISOOUTIncompleteCallback  usbd_conf.o
    0x08001a50   0x00000166   Code   RO          970    i.HAL_PCD_Init      stm32f1xx_hal_pcd.o
    0x08001bb6   0x00000002   PAD
    0x08001bb8   0x00000080   Code   RO          419    i.HAL_PCD_MspInit   usbd_conf.o
    0x08001c38   0x00000024   Code   RO          420    i.HAL_PCD_ResetCallback  usbd_conf.o
    0x08001c5c   0x0000000e   Code   RO          421    i.HAL_PCD_ResumeCallback  usbd_conf.o
    0x08001c6a   0x0000000e   Code   RO          422    i.HAL_PCD_SOFCallback  usbd_conf.o
    0x08001c78   0x00000036   Code   RO          976    i.HAL_PCD_SetAddress  stm32f1xx_hal_pcd.o
    0x08001cae   0x00000012   Code   RO          423    i.HAL_PCD_SetupStageCallback  usbd_conf.o
    0x08001cc0   0x00000034   Code   RO          978    i.HAL_PCD_Start     stm32f1xx_hal_pcd.o
    0x08001cf4   0x00000034   Code   RO          424    i.HAL_PCD_SuspendCallback  usbd_conf.o
    0x08001d28   0x00000210   Code   RO         1809    i.HAL_RCCEx_PeriphCLKConfig  stm32f1xx_hal_rcc_ex.o
    0x08001f38   0x0000018c   Code   RO         1697    i.HAL_RCC_ClockConfig  stm32f1xx_hal_rcc.o
    0x080020c4   0x0000000c   Code   RO         1702    i.HAL_RCC_GetHCLKFreq  stm32f1xx_hal_rcc.o
    0x080020d0   0x00000128   Code   RO         1706    i.HAL_RCC_GetSysClockFreq  stm32f1xx_hal_rcc.o
    0x080021f8   0x0000056c   Code   RO         1709    i.HAL_RCC_OscConfig  stm32f1xx_hal_rcc.o
    0x08002764   0x00000034   Code   RO         2037    i.HAL_SYSTICK_Config  stm32f1xx_hal_cortex.o
    0x08002798   0x00000004   Code   RO          781    i.HardFault_Handler  stm32f1xx_it.o
    0x0800279c   0x0000003e   Code   RO          621    i.IntToUnicode      usbd_desc.o
    0x080027da   0x00000002   PAD
    0x080027dc   0x0000008c   Code   RO          186    i.MX_GPIO_Init      main.o
    0x08002868   0x0000004c   Code   RO          362    i.MX_USB_DEVICE_Init  usb_device.o
    0x080028b4   0x00000004   Code   RO          782    i.MemManage_Handler  stm32f1xx_it.o
    0x080028b8   0x000000e8   Code   RO          187    i.ModifyGameField   main.o
    0x080029a0   0x00000084   Code   RO          188    i.MoveComb          main.o
    0x08002a24   0x00000002   Code   RO          783    i.NMI_Handler       stm32f1xx_it.o
    0x08002a26   0x00000002   PAD
    0x08002a28   0x00000010   Code   RO          784    i.OTG_FS_IRQHandler  stm32f1xx_it.o
    0x08002a38   0x0000004c   Code   RO          981    i.PCD_EP_OutSetupPacket_int  stm32f1xx_hal_pcd.o
    0x08002a84   0x0000006c   Code   RO          982    i.PCD_EP_OutXfrComplete_int  stm32f1xx_hal_pcd.o
    0x08002af0   0x000000b2   Code   RO          983    i.PCD_WriteEmptyTxFifo  stm32f1xx_hal_pcd.o
    0x08002ba2   0x00000002   PAD
    0x08002ba4   0x0000009c   Code   RO           13    i.ParsCMD           usb_parser.o
    0x08002c40   0x00000354   Code   RO          189    i.PrepareMove       main.o
    0x08002f94   0x00000028   Code   RO         1710    i.RCC_Delay         stm32f1xx_hal_rcc.o
    0x08002fbc   0x00000030   Code   RO          190    i.RemoveComb        main.o
    0x08002fec   0x00000088   Code   RO          191    i.ResetAllDataGame  main.o
    0x08003074   0x000000b0   Code   RO          192    i.SearchLineBlock   main.o
    0x08003124   0x00000094   Code   RO          193    i.SearchWinComb     main.o
    0x080031b8   0x000000cc   Code   RO          194    i.SeparateLine      main.o
    0x08003284   0x00000078   Code   RO          195    i.SetMoveInMsg      main.o
    0x080032fc   0x0000000e   Code   RO          196    i.StartDefaultTask  main.o
    0x0800330a   0x00000014   Code   RO          785    i.SysTick_Handler   stm32f1xx_it.o
    0x0800331e   0x00000002   PAD
    0x08003320   0x00000094   Code   RO          197    i.SystemClock_Config  main.o
    0x080033b4   0x00000064   Code   RO          877    i.SystemInit        system_stm32f1xx.o
    0x08003418   0x000000b4   Code   RO          198    i.Task_Pars_USB     main.o
    0x080034cc   0x0000005c   Code   RO          199    i.Task_Send_USB     main.o
    0x08003528   0x0000007c   Code   RO         4177    i.USBD_CDC_DataIn   usbd_cdc.o
    0x080035a4   0x00000034   Code   RO         4178    i.USBD_CDC_DataOut  usbd_cdc.o
    0x080035d8   0x0000004e   Code   RO         4179    i.USBD_CDC_DeInit   usbd_cdc.o
    0x08003626   0x00000032   Code   RO         4180    i.USBD_CDC_EP0_RxReady  usbd_cdc.o
    0x08003658   0x00000010   Code   RO         4181    i.USBD_CDC_GetDeviceQualifierDescriptor  usbd_cdc.o
    0x08003668   0x00000010   Code   RO         4182    i.USBD_CDC_GetFSCfgDesc  usbd_cdc.o
    0x08003678   0x00000010   Code   RO         4183    i.USBD_CDC_GetHSCfgDesc  usbd_cdc.o
    0x08003688   0x00000010   Code   RO         4184    i.USBD_CDC_GetOtherSpeedCfgDesc  usbd_cdc.o
    0x08003698   0x000000b8   Code   RO         4185    i.USBD_CDC_Init     usbd_cdc.o
    0x08003750   0x0000003a   Code   RO         4186    i.USBD_CDC_ReceivePacket  usbd_cdc.o
    0x0800378a   0x0000000e   Code   RO         4187    i.USBD_CDC_RegisterInterface  usbd_cdc.o
    0x08003798   0x0000000e   Code   RO         4188    i.USBD_CDC_SetRxBuffer  usbd_cdc.o
    0x080037a6   0x00000014   Code   RO         4189    i.USBD_CDC_SetTxBuffer  usbd_cdc.o
    0x080037ba   0x000000f4   Code   RO         4190    i.USBD_CDC_Setup    usbd_cdc.o
    0x080038ae   0x0000003e   Code   RO         4191    i.USBD_CDC_TransmitPacket  usbd_cdc.o
    0x080038ec   0x00000016   Code   RO         3876    i.USBD_ClrClassConfig  usbd_core.o
    0x08003902   0x0000003e   Code   RO         4017    i.USBD_ClrFeature   usbd_ctlreq.o
    0x08003940   0x00000018   Code   RO         4114    i.USBD_CtlContinueRx  usbd_ioreq.o
    0x08003958   0x00000018   Code   RO         4115    i.USBD_CtlContinueSendData  usbd_ioreq.o
    0x08003970   0x00000018   Code   RO         4018    i.USBD_CtlError     usbd_ctlreq.o
    0x08003988   0x00000028   Code   RO         4116    i.USBD_CtlPrepareRx  usbd_ioreq.o
    0x080039b0   0x0000001a   Code   RO         4117    i.USBD_CtlReceiveStatus  usbd_ioreq.o
    0x080039ca   0x00000022   Code   RO         4118    i.USBD_CtlSendData  usbd_ioreq.o
    0x080039ec   0x0000001a   Code   RO         4119    i.USBD_CtlSendStatus  usbd_ioreq.o
    0x08003a06   0x00000002   PAD
    0x08003a08   0x00000034   Code   RO          622    i.USBD_FS_ConfigStrDescriptor  usbd_desc.o
    0x08003a3c   0x00000010   Code   RO          623    i.USBD_FS_DeviceDescriptor  usbd_desc.o
    0x08003a4c   0x00000038   Code   RO          624    i.USBD_FS_InterfaceStrDescriptor  usbd_desc.o
    0x08003a84   0x00000010   Code   RO          625    i.USBD_FS_LangIDStrDescriptor  usbd_desc.o
    0x08003a94   0x0000002c   Code   RO          626    i.USBD_FS_ManufacturerStrDescriptor  usbd_desc.o
    0x08003ac0   0x00000040   Code   RO          627    i.USBD_FS_ProductStrDescriptor  usbd_desc.o
    0x08003b00   0x00000018   Code   RO          628    i.USBD_FS_SerialStrDescriptor  usbd_desc.o
    0x08003b18   0x00000056   Code   RO         4019    i.USBD_GetConfig    usbd_ctlreq.o
    0x08003b6e   0x000001f4   Code   RO         4020    i.USBD_GetDescriptor  usbd_ctlreq.o
    0x08003d62   0x00000014   Code   RO         4021    i.USBD_GetLen       usbd_ctlreq.o
    0x08003d76   0x0000005a   Code   RO         4022    i.USBD_GetStatus    usbd_ctlreq.o
    0x08003dd0   0x00000052   Code   RO         4023    i.USBD_GetString    usbd_ctlreq.o
    0x08003e22   0x0000002c   Code   RO          425    i.USBD_Get_USB_Status  usbd_conf.o
    0x08003e4e   0x00000032   Code   RO         3878    i.USBD_Init         usbd_core.o
    0x08003e80   0x00000026   Code   RO          426    i.USBD_LL_ClearStallEP  usbd_conf.o
    0x08003ea6   0x00000026   Code   RO          427    i.USBD_LL_CloseEP   usbd_conf.o
    0x08003ecc   0x00000100   Code   RO         3879    i.USBD_LL_DataInStage  usbd_core.o
    0x08003fcc   0x000000a6   Code   RO         3880    i.USBD_LL_DataOutStage  usbd_core.o
    0x08004072   0x00000006   Code   RO         3881    i.USBD_LL_DevConnected  usbd_core.o
    0x08004078   0x0000001a   Code   RO         3882    i.USBD_LL_DevDisconnected  usbd_core.o
    0x08004092   0x00000012   Code   RO          431    i.USBD_LL_GetRxDataSize  usbd_conf.o
    0x080040a4   0x0000005c   Code   RO          432    i.USBD_LL_Init      usbd_conf.o
    0x08004100   0x00000038   Code   RO          433    i.USBD_LL_IsStallEP  usbd_conf.o
    0x08004138   0x00000006   Code   RO         3883    i.USBD_LL_IsoINIncomplete  usbd_core.o
    0x0800413e   0x00000006   Code   RO         3884    i.USBD_LL_IsoOUTIncomplete  usbd_core.o
    0x08004144   0x00000030   Code   RO          434    i.USBD_LL_OpenEP    usbd_conf.o
    0x08004174   0x00000030   Code   RO          435    i.USBD_LL_PrepareReceive  usbd_conf.o
    0x080041a4   0x0000005c   Code   RO         3885    i.USBD_LL_Reset     usbd_core.o
    0x08004200   0x00000016   Code   RO         3886    i.USBD_LL_Resume    usbd_core.o
    0x08004216   0x00000022   Code   RO         3887    i.USBD_LL_SOF       usbd_core.o
    0x08004238   0x00000008   Code   RO         3888    i.USBD_LL_SetSpeed  usbd_core.o
    0x08004240   0x00000026   Code   RO          436    i.USBD_LL_SetUSBAddress  usbd_conf.o
    0x08004266   0x0000006e   Code   RO         3889    i.USBD_LL_SetupStage  usbd_core.o
    0x080042d4   0x00000026   Code   RO          437    i.USBD_LL_StallEP   usbd_conf.o
    0x080042fa   0x0000001e   Code   RO          438    i.USBD_LL_Start     usbd_conf.o
    0x08004318   0x00000014   Code   RO         3890    i.USBD_LL_Suspend   usbd_core.o
    0x0800432c   0x00000030   Code   RO          440    i.USBD_LL_Transmit  usbd_conf.o
    0x0800435c   0x00000028   Code   RO         4024    i.USBD_ParseSetupRequest  usbd_ctlreq.o
    0x08004384   0x00000010   Code   RO         3891    i.USBD_RegisterClass  usbd_core.o
    0x08004394   0x00000006   Code   RO         3892    i.USBD_RunTestMode  usbd_core.o
    0x0800439a   0x0000005a   Code   RO         4025    i.USBD_SetAddress   usbd_ctlreq.o
    0x080043f4   0x00000022   Code   RO         3893    i.USBD_SetClassConfig  usbd_core.o
    0x08004416   0x00000002   PAD
    0x08004418   0x000000e8   Code   RO         4026    i.USBD_SetConfig    usbd_ctlreq.o
    0x08004500   0x00000018   Code   RO         4027    i.USBD_SetFeature   usbd_ctlreq.o
    0x08004518   0x0000000e   Code   RO         3894    i.USBD_Start        usbd_core.o
    0x08004526   0x000000a2   Code   RO         4028    i.USBD_StdDevReq    usbd_ctlreq.o
    0x080045c8   0x00000238   Code   RO         4029    i.USBD_StdEPReq     usbd_ctlreq.o
    0x08004800   0x0000007e   Code   RO         4030    i.USBD_StdItfReq    usbd_ctlreq.o
    0x0800487e   0x00000002   Code   RO          441    i.USBD_static_free  usbd_conf.o
    0x08004880   0x0000000c   Code   RO          442    i.USBD_static_malloc  usbd_conf.o
    0x0800488c   0x000000d0   Code   RO         1217    i.USB_ActivateEndpoint  stm32f1xx_ll_usb.o
    0x0800495c   0x00000028   Code   RO         1219    i.USB_ActivateSetup  stm32f1xx_ll_usb.o
    0x08004984   0x00000060   Code   RO         1221    i.USB_CoreInit      stm32f1xx_ll_usb.o
    0x080049e4   0x0000004c   Code   RO         1222    i.USB_CoreReset     stm32f1xx_ll_usb.o
    0x08004a30   0x000000c4   Code   RO         1225    i.USB_DeactivateEndpoint  stm32f1xx_ll_usb.o
    0x08004af4   0x00000020   Code   RO         1226    i.USB_DevConnect    stm32f1xx_ll_usb.o
    0x08004b14   0x00000020   Code   RO         1227    i.USB_DevDisconnect  stm32f1xx_ll_usb.o
    0x08004b34   0x00000188   Code   RO         1228    i.USB_DevInit       stm32f1xx_ll_usb.o
    0x08004cbc   0x0000000e   Code   RO         1229    i.USB_DisableGlobalInt  stm32f1xx_ll_usb.o
    0x08004cca   0x00000002   PAD
    0x08004ccc   0x00000198   Code   RO         1232    i.USB_EP0StartXfer  stm32f1xx_ll_usb.o
    0x08004e64   0x00000058   Code   RO         1233    i.USB_EP0_OutStart  stm32f1xx_ll_usb.o
    0x08004ebc   0x0000008e   Code   RO         1234    i.USB_EPClearStall  stm32f1xx_ll_usb.o
    0x08004f4a   0x0000009a   Code   RO         1235    i.USB_EPSetStall    stm32f1xx_ll_usb.o
    0x08004fe4   0x000002b8   Code   RO         1236    i.USB_EPStartXfer   stm32f1xx_ll_usb.o
    0x0800529c   0x0000000e   Code   RO         1237    i.USB_EnableGlobalInt  stm32f1xx_ll_usb.o
    0x080052aa   0x00000002   PAD
    0x080052ac   0x0000002c   Code   RO         1238    i.USB_FlushRxFifo   stm32f1xx_ll_usb.o
    0x080052d8   0x00000030   Code   RO         1239    i.USB_FlushTxFifo   stm32f1xx_ll_usb.o
    0x08005308   0x00000020   Code   RO         1241    i.USB_GetDevSpeed   stm32f1xx_ll_usb.o
    0x08005328   0x0000000a   Code   RO         1243    i.USB_GetMode       stm32f1xx_ll_usb.o
    0x08005332   0x00000014   Code   RO         1250    i.USB_ReadDevAllInEpInterrupt  stm32f1xx_ll_usb.o
    0x08005346   0x00000014   Code   RO         1251    i.USB_ReadDevAllOutEpInterrupt  stm32f1xx_ll_usb.o
    0x0800535a   0x00000032   Code   RO         1252    i.USB_ReadDevInEPInterrupt  stm32f1xx_ll_usb.o
    0x0800538c   0x0000001a   Code   RO         1253    i.USB_ReadDevOutEPInterrupt  stm32f1xx_ll_usb.o
    0x080053a6   0x0000000a   Code   RO         1254    i.USB_ReadInterrupts  stm32f1xx_ll_usb.o
    0x080053b0   0x00000022   Code   RO         1255    i.USB_ReadPacket    stm32f1xx_ll_usb.o
    0x080053d2   0x00000036   Code   RO         1257    i.USB_SetCurrentMode  stm32f1xx_ll_usb.o
    0x08005408   0x0000002a   Code   RO         1258    i.USB_SetDevAddress  stm32f1xx_ll_usb.o
    0x08005432   0x00000012   Code   RO         1259    i.USB_SetDevSpeed   stm32f1xx_ll_usb.o
    0x08005444   0x000000e4   Code   RO         1260    i.USB_SetTurnaroundTime  stm32f1xx_ll_usb.o
    0x08005528   0x00000030   Code   RO         1263    i.USB_WritePacket   stm32f1xx_ll_usb.o
    0x08005558   0x00000004   Code   RO          786    i.UsageFault_Handler  stm32f1xx_it.o
    0x0800555c   0x00000010   Code   RO         2039    i.__NVIC_GetPriorityGrouping  stm32f1xx_hal_cortex.o
    0x0800556c   0x00000028   Code   RO         2040    i.__NVIC_SetPriority  stm32f1xx_hal_cortex.o
    0x08005594   0x0000000e   Code   RO         4319    i.__scatterload_copy  mc_w.l(handlers.o)
    0x080055a2   0x00000002   Code   RO         4320    i.__scatterload_null  mc_w.l(handlers.o)
    0x080055a4   0x0000000e   Code   RO         4321    i.__scatterload_zeroinit  mc_w.l(handlers.o)
    0x080055b2   0x00000002   PAD
    0x080055b4   0x000000a8   Code   RO          200    i.main              main.o
    0x0800565c   0x0000000e   Code   RO         3368    i.makeFreeRtosPriority  cmsis_os.o
    0x0800566a   0x00000018   Code   RO         3370    i.osDelay           cmsis_os.o
    0x08005682   0x0000000a   Code   RO         3373    i.osKernelStart     cmsis_os.o
    0x0800568c   0x0000005e   Code   RO         3407    i.osThreadCreate    cmsis_os.o
    0x080056ea   0x00000002   PAD
    0x080056ec   0x00000098   Code   RO         3054    i.prvAddCurrentTaskToDelayedList  tasks.o
    0x08005784   0x000000b4   Code   RO         3055    i.prvAddNewTaskToReadyList  tasks.o
    0x08005838   0x00000048   Code   RO         3056    i.prvCheckTasksWaitingTermination  tasks.o
    0x08005880   0x0000002a   Code   RO         2729    i.prvCopyDataFromQueue  queue.o
    0x080058aa   0x0000007c   Code   RO         2730    i.prvCopyDataToQueue  queue.o
    0x08005926   0x00000050   Code   RO         3057    i.prvDeleteTCB      tasks.o
    0x08005976   0x00000002   PAD
    0x08005978   0x0000007c   Code   RO         3735    i.prvHeapInit       heap_4.o
    0x080059f4   0x00000028   Code   RO         3058    i.prvIdleTask       tasks.o
    0x08005a1c   0x00000026   Code   RO         2733    i.prvInitialiseNewQueue  queue.o
    0x08005a42   0x000000aa   Code   RO         3059    i.prvInitialiseNewTask  tasks.o
    0x08005aec   0x00000068   Code   RO         3060    i.prvInitialiseTaskLists  tasks.o
    0x08005b54   0x00000068   Code   RO         3736    i.prvInsertBlockIntoFreeList  heap_4.o
    0x08005bbc   0x0000001a   Code   RO         2734    i.prvIsQueueEmpty   queue.o
    0x08005bd6   0x0000001e   Code   RO         2735    i.prvIsQueueFull    queue.o
    0x08005bf4   0x00000034   Code   RO         3061    i.prvResetNextTaskUnblockTime  tasks.o
    0x08005c28   0x00000040   Code   RO         3797    i.prvTaskExitError  port.o
    0x08005c68   0x0000007e   Code   RO         2736    i.prvUnlockQueue    queue.o
    0x08005ce6   0x00000002   PAD
    0x08005ce8   0x0000013c   Code   RO         3737    i.pvPortMalloc      heap_4.o
    0x08005e24   0x00000024   Code   RO         3798    i.pxPortInitialiseStack  port.o
    0x08005e48   0x00000028   Code   RO         2689    i.uxListRemove      list.o
    0x08005e70   0x00000018   Code   RO          326    i.vApplicationGetIdleTaskMemory  freertos.o
    0x08005e88   0x0000001a   Code   RO         2690    i.vListInitialise   list.o
    0x08005ea2   0x00000006   Code   RO         2691    i.vListInitialiseItem  list.o
    0x08005ea8   0x00000034   Code   RO         2692    i.vListInsert       list.o
    0x08005edc   0x00000018   Code   RO         2693    i.vListInsertEnd    list.o
    0x08005ef4   0x00000054   Code   RO         3800    i.vPortEnterCritical  port.o
    0x08005f48   0x0000003c   Code   RO         3801    i.vPortExitCritical  port.o
    0x08005f84   0x00000094   Code   RO         3738    i.vPortFree         heap_4.o
    0x08006018   0x00000028   Code   RO         3802    i.vPortSetupTimerInterrupt  port.o
    0x08006040   0x00000078   Code   RO         3803    i.vPortValidateInterruptPriority  port.o
    0x080060b8   0x0000005c   Code   RO         3069    i.vTaskDelay        tasks.o
    0x08006114   0x00000018   Code   RO         3072    i.vTaskInternalSetTimeOutState  tasks.o
    0x0800612c   0x0000000c   Code   RO         3073    i.vTaskMissedYield  tasks.o
    0x08006138   0x00000038   Code   RO         3075    i.vTaskPlaceOnEventList  tasks.o
    0x08006170   0x000000b0   Code   RO         3082    i.vTaskStartScheduler  tasks.o
    0x08006220   0x00000010   Code   RO         3084    i.vTaskSuspendAll   tasks.o
    0x08006230   0x0000008c   Code   RO         3085    i.vTaskSwitchContext  tasks.o
    0x080062bc   0x000000f8   Code   RO         3804    i.xPortStartScheduler  port.o
    0x080063b4   0x00000034   Code   RO         3805    i.xPortSysTickHandler  port.o
    0x080063e8   0x0000005e   Code   RO         2745    i.xQueueGenericCreate  queue.o
    0x08006446   0x00000002   PAD
    0x08006448   0x00000098   Code   RO         2747    i.xQueueGenericReset  queue.o
    0x080064e0   0x000001a8   Code   RO         2748    i.xQueueGenericSend  queue.o
    0x08006688   0x000000f8   Code   RO         2749    i.xQueueGenericSendFromISR  queue.o
    0x08006780   0x00000168   Code   RO         2755    i.xQueueReceive     queue.o
    0x080068e8   0x0000008c   Code   RO         3086    i.xTaskCheckForTimeOut  tasks.o
    0x08006974   0x00000064   Code   RO         3087    i.xTaskCreate       tasks.o
    0x080069d8   0x000000b8   Code   RO         3088    i.xTaskCreateStatic  tasks.o
    0x08006a90   0x00000020   Code   RO         3092    i.xTaskGetSchedulerState  tasks.o
    0x08006ab0   0x00000148   Code   RO         3095    i.xTaskIncrementTick  tasks.o
    0x08006bf8   0x000000c8   Code   RO         3098    i.xTaskPriorityDisinherit  tasks.o
    0x08006cc0   0x00000098   Code   RO         3100    i.xTaskRemoveFromEventList  tasks.o
    0x08006d58   0x00000104   Code   RO         3101    i.xTaskResumeAll    tasks.o
    0x08006e5c   0x00000030   Data   RO          202    .constdata          main.o
    0x08006e8c   0x00000018   Data   RO          878    .constdata          system_stm32f1xx.o
    0x08006ea4   0x00000030   Data   RO           14    .conststring        usb_parser.o
    0x08006ed4   0x00000010   Data   RO          203    .conststring        main.o
    0x08006ee4   0x00000020   Data   RO         4317    Region$$Table       anon$$obj.o


    Execution Region RW_IRAM1 (Base: 0x20000000, Size: 0x00004aa0, Max: 0x00010000, ABSOLUTE, COMPRESSED[0x0000033c])

    Base Addr    Size         Type   Attr      Idx    E Section Name        Object

    0x20000000   0x00000596   Data   RW           15    .data               usb_parser.o
    0x20000596   0x00000002   PAD
    0x20000598   0x000006cc   Data   RW          204    .data               main.o
    0x20000c64   0x000005e6   Data   RW          631    .data               usbd_desc.o
    0x2000124a   0x00000002   PAD
    0x2000124c   0x000005b0   Data   RW          727    .data               usbd_cdc_if.o
    0x200017fc   0x00000004   Data   RW          879    .data               system_stm32f1xx.o
    0x20001800   0x00000009   Data   RW         1547    .data               stm32f1xx_hal.o
    0x20001809   0x00000003   PAD
    0x2000180c   0x0000003c   Data   RW         3104    .data               tasks.o
    0x20001848   0x00000018   Data   RW         3743    .data               heap_4.o
    0x20001860   0x0000000c   Data   RW         3806    .data               port.o
    0x2000186c   0x00000597   Data   RW         4032    .data               usbd_ctlreq.o
    0x20001e03   0x00000001   PAD
    0x20001e04   0x000006a7   Data   RW         4193    .data               usbd_cdc.o
    0x200024ab   0x00000001   PAD
    0x200024ac   0x000001bc   Zero   RW          201    .bss                main.o
    0x20002668   0x00000254   Zero   RW          327    .bss                freertos.o
    0x200028bc   0x000002c4   Zero   RW          363    .bss                usb_device.o
    0x20002b80   0x00000620   Zero   RW          443    .bss                usbd_conf.o
    0x200031a0   0x00000200   Zero   RW          629    .bss                usbd_desc.o
    0x200033a0   0x0000020b   Zero   RW          725    .bss                usbd_cdc_if.o
    0x200035ab   0x00000001   PAD
    0x200035ac   0x000000f0   Zero   RW         3103    .bss                tasks.o
    0x2000369c   0x00001000   Zero   RW         3742    .bss                heap_4.o
    0x2000469c   0x00000004   PAD
    0x200046a0   0x00000400   Zero   RW            1    STACK               startup_stm32f105xc.o


==============================================================================

Image component sizes


      Code (inc. data)   RO Data    RW Data    ZI Data      Debug   Object Name

       142          0          0          0          0      21731   cmsis_os.o
         0          0          0          0          0      18048   event_groups.o
        24         10          0          0        596       1156   freertos.o
       692         62          0         24       4096       6959   heap_4.o
       148          0          0          0          0       3182   list.o
      4904        300         64       1740        444      24072   main.o
       854         78          0         12          0      10849   port.o
      1664         14          0          0          0      11478   queue.o
        36          8        336          0       1024        768   startup_stm32f105xc.o
       192         36          0          9          0       6665   stm32f1xx_hal.o
       304         22          0          0          0      29115   stm32f1xx_hal_cortex.o
       812         34          0          0          0       2556   stm32f1xx_hal_gpio.o
        72          4          0          0          0        738   stm32f1xx_hal_msp.o
      2710         10          0          0          0      11321   stm32f1xx_hal_pcd.o
        88          0          0          0          0       1636   stm32f1xx_hal_pcd_ex.o
      2132        106          0          0          0       4942   stm32f1xx_hal_rcc.o
       528         18          0          0          0       1508   stm32f1xx_hal_rcc_ex.o
        56          6          0          0          0       3179   stm32f1xx_it.o
      3272        108          0          0          0      19734   stm32f1xx_ll_usb.o
         0          0          0          0          0        392   stream_buffer.o
       100         16         24          4          0       1059   system_stm32f1xx.o
      2762        340          0         60        240      21096   tasks.o
        76         16          0          0        708       2423   usb_device.o
       156          8         48       1430          0     591418   usb_parser.o
       964         24          0       1703          0      12238   usbd_cdc.o
       248         46          0       1456        523       3737   usbd_cdc_if.o
       940         26          0          0       1568      14534   usbd_conf.o
       894          0          0          0          0      11457   usbd_core.o
      2106         28          0       1431          0      10108   usbd_ctlreq.o
       386        122          0       1510        512       5865   usbd_desc.o
       174          0          0          0          0       4136   usbd_ioreq.o

    ----------------------------------------------------------------------
     27464       1442        504       9388       9716     858100   Object Totals
         0          0         32          0          0          0   (incl. Generated)
        28          0          0          9          5          0   (incl. Padding)

    ----------------------------------------------------------------------

      Code (inc. data)   RO Data    RW Data    ZI Data      Debug   Library Member Name

        86          0          0          0          0          0   __dczerorl2.o
         0          0          0          0          0          0   entry.o
         0          0          0          0          0          0   entry10a.o
         0          0          0          0          0          0   entry11a.o
         8          4          0          0          0          0   entry2.o
         4          0          0          0          0          0   entry5.o
         0          0          0          0          0          0   entry7b.o
         0          0          0          0          0          0   entry8b.o
         8          4          0          0          0          0   entry9a.o
        30          0          0          0          0          0   handlers.o
        36          8          0          0          0         68   init.o
        30          0          0          0          0         68   llshl.o
        32          0          0          0          0         68   llushr.o
        36          0          0          0          0         68   memcpya.o
        36          0          0          0          0        108   memseta.o
        14          0          0          0          0         68   strlen.o
        30          0          0          0          0         80   strncmp.o
        98          0          0          0          0         92   uldiv.o

    ----------------------------------------------------------------------
       452         16          0          0          0        620   Library Totals
         4          0          0          0          0          0   (incl. Padding)

    ----------------------------------------------------------------------

      Code (inc. data)   RO Data    RW Data    ZI Data      Debug   Library Name

       448         16          0          0          0        620   mc_w.l

    ----------------------------------------------------------------------
       452         16          0          0          0        620   Library Totals

    ----------------------------------------------------------------------

==============================================================================


      Code (inc. data)   RO Data    RW Data    ZI Data      Debug   

     27916       1458        504       9388       9716     846212   Grand Totals
     27916       1458        504        828       9716     846212   ELF Image Totals (compressed)
     27916       1458        504        828          0          0   ROM Totals

==============================================================================

    Total RO  Size (Code + RO Data)                28420 (  27.75kB)
    Total RW  Size (RW Data + ZI Data)             19104 (  18.66kB)
    Total ROM Size (Code + RO Data + RW Data)      29248 (  28.56kB)

==============================================================================

